******************************************************************************
                  MSP430 Linker PC v21.6.1                     
******************************************************************************
>> Linked Wed Dec 21 14:02:31 2022

OUTPUT FILE NAME:   <serial_terminal.out>
ENTRY POINT SYMBOL: "_c_int00_noargs"  address: 0000d67a


MEMORY CONFIGURATION

         name            origin    length      used     unused   attr    fill
----------------------  --------  ---------  --------  --------  ----  --------
  SFR                   00000000   00000010  00000000  00000010  RWIX
  PERIPHERALS_8BIT      00000010   000000f0  00000000  000000f0  RWIX
  PERIPHERALS_16BIT     00000100   00000100  00000000  00000100  RWIX
  RAM                   00000200   00000200  000001ce  00000032  RWIX
  INFOD                 00001000   00000040  00000000  00000040  RWIX
  INFOC                 00001040   00000040  00000000  00000040  RWIX
  INFOB                 00001080   00000040  00000000  00000040  RWIX
  INFOA                 000010c0   00000040  00000000  00000040  RWIX
  FLASH                 0000c000   00003fde  000018ec  000026f2  RWIX
  BSLSIGNATURE          0000ffde   00000002  00000002  00000000  RWIX  ffff 
  INT00                 0000ffe0   00000002  00000002  00000000  RWIX
  INT01                 0000ffe2   00000002  00000000  00000002  RWIX
  INT02                 0000ffe4   00000002  00000002  00000000  RWIX
  INT03                 0000ffe6   00000002  00000002  00000000  RWIX
  INT04                 0000ffe8   00000002  00000000  00000002  RWIX
  INT05                 0000ffea   00000002  00000002  00000000  RWIX
  INT06                 0000ffec   00000002  00000002  00000000  RWIX
  INT07                 0000ffee   00000002  00000002  00000000  RWIX
  INT08                 0000fff0   00000002  00000002  00000000  RWIX
  INT09                 0000fff2   00000002  00000002  00000000  RWIX
  INT10                 0000fff4   00000002  00000002  00000000  RWIX
  INT11                 0000fff6   00000002  00000000  00000002  RWIX
  INT12                 0000fff8   00000002  00000002  00000000  RWIX
  INT13                 0000fffa   00000002  00000002  00000000  RWIX
  INT14                 0000fffc   00000002  00000002  00000000  RWIX
  RESET                 0000fffe   00000002  00000002  00000000  RWIX


SECTION ALLOCATION MAP

 output                                  attributes/
section   page    origin      length       input sections
--------  ----  ----------  ----------   ----------------
.data      0    00000000    000000fe     FAILED TO ALLOCATE
.bss       0    00000320    000000ae     UNINITIALIZED
                  00000320    000000a0     (.common:__TI_tmpnams)
                  000003c0    00000008     (.common:parmbuf)
                  000003c8    00000002     rts430_eabi.lib : memory.c.obj (.bss)
                  000003ca    00000002     (.common:x)
                  000003cc    00000002     (.common:y)

.sysmem    0    00000000    00000050     FAILED TO ALLOCATE
.stack     0    00000000    00000050     FAILED TO ALLOCATE
.text      0    0000c000    0000179e     
                  0000c000    00000304     rts430_eabi.lib : _scanfi_min.c.obj (.text:__TI_scanfi_minimal)
                  0000c304    00000212                     : strtol.c.obj (.text:strtol)
                  0000c516    000001cc                     : _scanfi_min.c.obj (.text:_sproc_int)
                  0000c6e2    000001a0                     : strtoul.c.obj (.text:strtoul)
                  0000c882    000000f6                     : memory.c.obj (.text:aligned_alloc)
                  0000c978    000000d2                     : memory.c.obj (.text:free)
                  0000ca4a    000000d0                     : setvbuf.c.obj (.text:setvbuf)
                  0000cb1a    00000098                     : fscanf.c.obj (.text:_chkmbc)
                  0000cbb2    00000092                     : _bufread.c.obj (.text:__TI_buff_read)
                  0000cc44    0000008e                     : fgetc.c.obj (.text:fgetc)
                  0000ccd2    0000008a                     : ungetc.c.obj (.text:ungetc)
                  0000cd5c    00000088                     : hostlseek.c.obj (.text:HOSTlseek)
                  0000cde4    0000007c                     : copy_decompress_lzss.c.obj (.text:decompress:lzss:__TI_decompress_lzss)
                  0000ce60    00000072                     : fclose.c.obj (.text:__TI_closefile)
                  0000ced2    0000006a                     : hostrename.c.obj (.text:HOSTrename)
                  0000cf3c    00000068                     : memory.c.obj (.text:split)
                  0000cfa4    00000066                     : hostopen.c.obj (.text:HOSTopen)
                  0000d00a    00000062                     : hostwrite.c.obj (.text:HOSTwrite)
                  0000d06c    00000062                     : fflush.c.obj (.text:__TI_doflush)
                  0000d0ce    00000060                     : hostread.c.obj (.text:HOSTread)
                  0000d12e    00000058                     : _io_perm.c.obj (.text:__TI_rd_ok)
                  0000d186    00000058                     : getdevice.c.obj (.text:getdevice)
                  0000d1de    00000058                     : div32u.asm.obj (.text)
                  0000d236    0000004c     main.obj (.text:main)
                  0000d282    0000004c     rts430_eabi.lib : lsr16.asm.obj (.text)
                  0000d2ce    0000004a                     : close.c.obj (.text:close)
                  0000d318    00000044                     : hostclose.c.obj (.text:HOSTclose)
                  0000d35c    00000044                     : exit.c.obj (.text:exit)
                  0000d3a0    00000042                     : autoinit.c.obj (.text:__TI_auto_init_nobinit_nopinit:__TI_auto_init_nobinit_nopinit)
                  0000d3e2    00000042                     : fscanf.c.obj (.text:scanf)
                  0000d424    00000040                     : hostunlink.c.obj (.text:HOSTunlink)
                  0000d464    0000003e                     : lsl32.asm.obj (.text:l_lsl_const)
                  0000d4a2    00000034                     : fopen.c.obj (.text:__TI_cleanup)
                  0000d4d6    00000034                     : getdevice.c.obj (.text:finddevice)
                  0000d50a    0000002e                     : trgmsg.c.obj (.text:__TI_writemsg)
                  0000d538    0000002c                     : trgmsg.c.obj (.text:__TI_readmsg)
                  0000d564    0000002c                     : lsl16.asm.obj (.text)
                  0000d590    0000002c                     : strncpy.c.obj (.text:strncpy)
                  0000d5bc    00000028                     : memory.c.obj (.text:free_list_insert)
                  0000d5e4    00000028                     : unlink.c.obj (.text:unlink)
                  0000d60c    00000026                     : mult32.asm.obj (.text)
                  0000d632    00000024                     : read.c.obj (.text:read)
                  0000d656    00000024                     : write.c.obj (.text:write)
                  0000d67a    0000001c                     : boot.c.obj (.text:_c_int00_noargs)
                  0000d696    0000001c                     : memory.c.obj (.text:free_list_remove)
                  0000d6b2    0000001a                     : strchr.c.obj (.text:strchr)
                  0000d6cc    00000018                     : strcmp.c.obj (.text:strcmp)
                  0000d6e4    00000014                     : copy_zero_init.c.obj (.text:decompress:ZI:__TI_zero_init_nomemset:__TI_zero_init_nomemset)
                  0000d6f8    00000014                     : memset.c.obj (.text:memset)
                  0000d70c    00000012                     : copy_decompress_none.c.obj (.text:decompress:none:__TI_decompress_none)
                  0000d71e    00000012                     : memcpy.c.obj (.text:memcpy)
                  0000d730    00000010                     : epilog.asm.obj (.text)
                  0000d740    00000010                     : strcpy.c.obj (.text:strcpy)
                  0000d750    0000000e                     : strlen.c.obj (.text:strlen)
                  0000d75e    0000000a                     : fscanf.c.obj (.text:_uninpchar)
                  0000d768    0000000a                     : isxdigit.c.obj (.text:isxdigit)
                  0000d772    00000008                     : isr_trap.asm.obj (.text:_isr:__TI_ISR_TRAP)
                  0000d77a    00000008                     : isspace.c.obj (.text:isspace)
                  0000d782    00000008                     : memory.c.obj (.text:malloc)
                  0000d78a    00000006                     : fscanf.c.obj (.text:_inpchar)
                  0000d790    00000006                     : exit.c.obj (.text:abort)
                  0000d796    00000004                     : pre_init.c.obj (.text:_system_pre_init)
                  0000d79a    00000002                     : _lock.c.obj (.text:_nop)
                  0000d79c    00000002                     : startup.c.obj (.text:_system_post_cinit)

.const     0    0000d79e    00000116     
                  0000d79e    00000101     rts430_eabi.lib : ctype.c.obj (.const:.string:_ctypes_)
                  0000d89f    00000001     --HOLE-- [fill = 0]
                  0000d8a0    00000007                     : _scanfi_min.c.obj (.const:.string:flit$1)
                  0000d8a7    00000001     --HOLE-- [fill = 0]
                  0000d8a8    00000006                     : _scanfi_min.c.obj (.const:.string:barr$2)
                  0000d8ae    00000006     main.obj (.const:.string)

.cinit     0    0000d8b4    00000038     
                  0000d8b4    00000026     (.cinit..data.load) [load image, compression = lzss]
                  0000d8da    00000006     (__TI_handler_table)
                  0000d8e0    00000004     (.cinit..bss.load) [load image, compression = zero_init]
                  0000d8e4    00000008     (__TI_cinit_table)

.cio       0    00000200    00000120     UNINITIALIZED
                  00000200    00000120     rts430_eabi.lib : trgmsg.c.obj (.cio)

.binit     0    0000c000    00000000     

.init_array 
*          0    0000c000    00000000     UNINITIALIZED

TRAPINT    0    0000ffe0    00000002     
                  0000ffe0    00000002     rts430_eabi.lib : int00.asm.obj (.int00)

PORT1      0    0000ffe4    00000002     
                  0000ffe4    00000002     rts430_eabi.lib : int02.asm.obj (.int02)

PORT2      0    0000ffe6    00000002     
                  0000ffe6    00000002     rts430_eabi.lib : int03.asm.obj (.int03)

ADC10      0    0000ffea    00000002     
                  0000ffea    00000002     rts430_eabi.lib : int05.asm.obj (.int05)

USCIAB0TX 
*          0    0000ffec    00000002     
                  0000ffec    00000002     rts430_eabi.lib : int06.asm.obj (.int06)

USCIAB0RX 
*          0    0000ffee    00000002     
                  0000ffee    00000002     rts430_eabi.lib : int07.asm.obj (.int07)

TIMER0_A1 
*          0    0000fff0    00000002     
                  0000fff0    00000002     rts430_eabi.lib : int08.asm.obj (.int08)

TIMER0_A0 
*          0    0000fff2    00000002     
                  0000fff2    00000002     rts430_eabi.lib : int09.asm.obj (.int09)

WDT        0    0000fff4    00000002     
                  0000fff4    00000002     rts430_eabi.lib : int10.asm.obj (.int10)

TIMER1_A1 
*          0    0000fff8    00000002     
                  0000fff8    00000002     rts430_eabi.lib : int12.asm.obj (.int12)

TIMER1_A0 
*          0    0000fffa    00000002     
                  0000fffa    00000002     rts430_eabi.lib : int13.asm.obj (.int13)

NMI        0    0000fffc    00000002     
                  0000fffc    00000002     rts430_eabi.lib : int14.asm.obj (.int14)

.reset     0    0000fffe    00000002     
                  0000fffe    00000002     rts430_eabi.lib : boot.c.obj (.reset)

$fill000   0    0000ffde    00000002     
                  0000ffde    00000002     --HOLE-- [fill = ffff]

MODULE SUMMARY

       Module                       code   ro data   rw data
       ------                       ----   -------   -------
    .\
       main.obj                     76     6         4      
    +--+----------------------------+------+---------+---------+
       Total:                       76     6         4      
                                                            
    C:\ti\ccs1200\ccs\tools\compiler\ti-cgt-msp430_21.6.1.LTS\lib\rts430_eabi.lib
       _scanfi_min.c.obj            1232   13        0      
       memory.c.obj                 636    0         2      
       strtol.c.obj                 530    0         0      
       strtoul.c.obj                416    0         0      
       trgmsg.c.obj                 90     0         288    
       ctype.c.obj                  0      257       0      
       fscanf.c.obj                 234    0         0      
       setvbuf.c.obj                208    0         0      
       defs.c.obj                   0      0         160    
       _bufread.c.obj               146    0         0      
       fgetc.c.obj                  142    0         0      
       getdevice.c.obj              140    0         0      
       ungetc.c.obj                 138    0         0      
       hostlseek.c.obj              136    0         0      
       copy_decompress_lzss.c.obj   124    0         0      
       fclose.c.obj                 114    0         0      
       hostopen.c.obj               102    0         8      
       hostrename.c.obj             106    0         0      
       fflush.c.obj                 98     0         0      
       hostwrite.c.obj              98     0         0      
       hostread.c.obj               96     0         0      
       _io_perm.c.obj               88     0         0      
       div32u.asm.obj               88     0         0      
       lsr16.asm.obj                76     0         0      
       close.c.obj                  74     0         0      
       exit.c.obj                   74     0         0      
       hostclose.c.obj              68     0         0      
       autoinit.c.obj               66     0         0      
       hostunlink.c.obj             64     0         0      
       lsl32.asm.obj                62     0         0      
       fopen.c.obj                  52     0         0      
       lsl16.asm.obj                44     0         0      
       strncpy.c.obj                44     0         0      
       unlink.c.obj                 40     0         0      
       mult32.asm.obj               38     0         0      
       read.c.obj                   36     0         0      
       write.c.obj                  36     0         0      
       boot.c.obj                   28     2         0      
       strchr.c.obj                 26     0         0      
       strcmp.c.obj                 24     0         0      
       copy_zero_init.c.obj         20     0         0      
       memset.c.obj                 20     0         0      
       copy_decompress_none.c.obj   18     0         0      
       memcpy.c.obj                 18     0         0      
       epilog.asm.obj               16     0         0      
       strcpy.c.obj                 16     0         0      
       strlen.c.obj                 14     0         0      
       isxdigit.c.obj               10     0         0      
       isr_trap.asm.obj             8      0         0      
       isspace.c.obj                8      0         0      
       pre_init.c.obj               4      0         0      
       _lock.c.obj                  2      0         0      
       int00.asm.obj                0      2         0      
       int02.asm.obj                0      2         0      
       int03.asm.obj                0      2         0      
       int05.asm.obj                0      2         0      
       int06.asm.obj                0      2         0      
       int07.asm.obj                0      2         0      
       int08.asm.obj                0      2         0      
       int09.asm.obj                0      2         0      
       int10.asm.obj                0      2         0      
       int12.asm.obj                0      2         0      
       int13.asm.obj                0      2         0      
       int14.asm.obj                0      2         0      
       startup.c.obj                2      0         0      
    +--+----------------------------+------+---------+---------+
       Total:                       5970   296       458    
                                                            
       Linker Generated:            0      56        0      
    +--+----------------------------+------+---------+---------+
       Grand Total:                 6046   358       462    


LINKER GENERATED COPY TABLES

__TI_cinit_table @ 0000d8e4 records: 2, size/record: 4, table size: 8
	.data: load addr=0000d8b4, load size=00000026 bytes, run addr=00000000, run size=000000fe bytes, compression=lzss
	.bss: load addr=0000d8e0, load size=00000004 bytes, run addr=00000320, run size=000000ae bytes, compression=zero_init


LINKER GENERATED HANDLER TABLE

__TI_handler_table @ 0000d8da records: 3, size/record: 2, table size: 6
	index: 0, handler: __TI_zero_init
	index: 1, handler: __TI_decompress_lzss
	index: 2, handler: __TI_decompress_none


GLOBAL SYMBOLS: SORTED ALPHABETICALLY BY Name 

address   name                           
-------   ----                           
0000004a  ADC10AE0                       
000001b0  ADC10CTL0                      
000001b2  ADC10CTL1                      
00000048  ADC10DTC0                      
00000049  ADC10DTC1                      
000001b4  ADC10MEM                       
000001bc  ADC10SA                        
00000057  BCSCTL1                        
00000058  BCSCTL2                        
00000053  BCSCTL3                        
0000d790  C$$EXIT                        
0000d534  C$$IO$$                        
000010fb  CALBC1_12MHZ                   
000010f9  CALBC1_16MHZ                   
000010ff  CALBC1_1MHZ                    
000010fd  CALBC1_8MHZ                    
000010fa  CALDCO_12MHZ                   
000010f8  CALDCO_16MHZ                   
000010fe  CALDCO_1MHZ                    
000010fc  CALDCO_8MHZ                    
00000056  DCOCTL                         
00000128  FCTL1                          
0000012a  FCTL2                          
0000012c  FCTL3                          
0000d318  HOSTclose                      
0000cd5c  HOSTlseek                      
0000cfa4  HOSTopen                       
0000d0ce  HOSTread                       
0000ced2  HOSTrename                     
0000d424  HOSTunlink                     
0000d00a  HOSTwrite                      
00000000  IE1                            
00000001  IE2                            
00000002  IFG1                           
00000003  IFG2                           
00000022  P1DIR                          
00000025  P1IE                           
00000024  P1IES                          
00000023  P1IFG                          
00000020  P1IN                           
00000021  P1OUT                          
00000027  P1REN                          
00000026  P1SEL                          
00000041  P1SEL2                         
0000002a  P2DIR                          
0000002d  P2IE                           
0000002c  P2IES                          
0000002b  P2IFG                          
00000028  P2IN                           
00000029  P2OUT                          
0000002f  P2REN                          
0000002e  P2SEL                          
00000042  P2SEL2                         
0000001a  P3DIR                          
00000018  P3IN                           
00000019  P3OUT                          
00000010  P3REN                          
0000001b  P3SEL                          
00000043  P3SEL2                         
00000172  TA0CCR0                        
00000174  TA0CCR1                        
00000176  TA0CCR2                        
00000162  TA0CCTL0                       
00000164  TA0CCTL1                       
00000166  TA0CCTL2                       
00000160  TA0CTL                         
0000012e  TA0IV                          
00000170  TA0R                           
00000192  TA1CCR0                        
00000194  TA1CCR1                        
00000196  TA1CCR2                        
00000182  TA1CCTL0                       
00000184  TA1CCTL1                       
00000186  TA1CCTL2                       
00000180  TA1CTL                         
0000011e  TA1IV                          
00000190  TA1R                           
000010db  TLV_ADC10_1_LEN                
000010da  TLV_ADC10_1_TAG                
000010c0  TLV_CHECKSUM                   
000010f7  TLV_DCO_30_LEN                 
000010f6  TLV_DCO_30_TAG                 
0000005d  UCA0ABCTL                      
00000062  UCA0BR0                        
00000063  UCA0BR1                        
00000060  UCA0CTL0                       
00000061  UCA0CTL1                       
0000005f  UCA0IRRCTL                     
0000005e  UCA0IRTCTL                     
00000064  UCA0MCTL                       
00000066  UCA0RXBUF                      
00000065  UCA0STAT                       
00000067  UCA0TXBUF                      
0000006a  UCB0BR0                        
0000006b  UCB0BR1                        
00000068  UCB0CTL0                       
00000069  UCB0CTL1                       
0000006c  UCB0I2CIE                      
00000118  UCB0I2COA                      
0000011a  UCB0I2CSA                      
0000006e  UCB0RXBUF                      
0000006d  UCB0STAT                       
0000006f  UCB0TXBUF                      
00000120  WDTCTL                         
00000200  _CIOBUF_                       
00000050  __STACK_END                    
00000050  __STACK_SIZE                   
00000050  __SYSMEM_SIZE                  
0000d8e4  __TI_CINIT_Base                
0000d8ec  __TI_CINIT_Limit               
0000d8ec  __TI_CINIT_Warm                
0000d8da  __TI_Handler_Table_Base        
0000d8e0  __TI_Handler_Table_Limit       
0000d772  __TI_ISR_TRAP                  
0000d3a0  __TI_auto_init_nobinit_nopinit 
0000cbb2  __TI_buff_read                 
0000d4a2  __TI_cleanup                   
000000ee  __TI_cleanup_ptr               
0000ce60  __TI_closefile                 
0000cde4  __TI_decompress_lzss           
0000d70c  __TI_decompress_none           
0000d06c  __TI_doflush                   
000000f0  __TI_dtors_ptr                 
000000fa  __TI_enable_exit_profile_output
000000f6  __TI_ft_end                    
0000ffe0  __TI_int00                     
0000ffe4  __TI_int02                     
0000ffe6  __TI_int03                     
0000ffea  __TI_int05                     
0000ffec  __TI_int06                     
0000ffee  __TI_int07                     
0000fff0  __TI_int08                     
0000fff2  __TI_int09                     
0000fff4  __TI_int10                     
0000fff8  __TI_int12                     
0000fffa  __TI_int13                     
0000fffc  __TI_int14                     
ffffffff  __TI_pprof_out_hndl            
ffffffff  __TI_prof_data_size            
ffffffff  __TI_prof_data_start           
0000d12e  __TI_rd_ok                     
0000d538  __TI_readmsg                   
0000c000  __TI_scanfi_minimal            
00000320  __TI_tmpnams                   
0000d50a  __TI_writemsg                  
0000d6e4  __TI_zero_init_nomemset        
ffffffff  __c_args__                     
0000d1de  __mspabi_divul                 
0000d73c  __mspabi_func_epilog_1         
0000d73a  __mspabi_func_epilog_2         
0000d738  __mspabi_func_epilog_3         
0000d736  __mspabi_func_epilog_4         
0000d734  __mspabi_func_epilog_5         
0000d732  __mspabi_func_epilog_6         
0000d730  __mspabi_func_epilog_7         
0000d60c  __mspabi_mpyl                  
0000d60c  __mspabi_mpyl_sw               
0000d1de  __mspabi_remul                 
0000d564  __mspabi_slli                  
0000d58c  __mspabi_slli_1                
0000d57a  __mspabi_slli_10               
0000d578  __mspabi_slli_11               
0000d576  __mspabi_slli_12               
0000d574  __mspabi_slli_13               
0000d572  __mspabi_slli_14               
0000d570  __mspabi_slli_15               
0000d58a  __mspabi_slli_2                
0000d588  __mspabi_slli_3                
0000d586  __mspabi_slli_4                
0000d584  __mspabi_slli_5                
0000d582  __mspabi_slli_6                
0000d580  __mspabi_slli_7                
0000d57e  __mspabi_slli_8                
0000d57c  __mspabi_slli_9                
0000d49c  __mspabi_slll_1                
0000d478  __mspabi_slll_10               
0000d474  __mspabi_slll_11               
0000d470  __mspabi_slll_12               
0000d46c  __mspabi_slll_13               
0000d468  __mspabi_slll_14               
0000d464  __mspabi_slll_15               
0000d498  __mspabi_slll_2                
0000d494  __mspabi_slll_3                
0000d490  __mspabi_slll_4                
0000d48c  __mspabi_slll_5                
0000d488  __mspabi_slll_6                
0000d484  __mspabi_slll_7                
0000d480  __mspabi_slll_8                
0000d47c  __mspabi_slll_9                
0000d282  __mspabi_srli                  
0000d2c8  __mspabi_srli_1                
0000d2a4  __mspabi_srli_10               
0000d2a0  __mspabi_srli_11               
0000d29c  __mspabi_srli_12               
0000d298  __mspabi_srli_13               
0000d294  __mspabi_srli_14               
0000d290  __mspabi_srli_15               
0000d2c4  __mspabi_srli_2                
0000d2c0  __mspabi_srli_3                
0000d2bc  __mspabi_srli_4                
0000d2b8  __mspabi_srli_5                
0000d2b4  __mspabi_srli_6                
0000d2b0  __mspabi_srli_7                
0000d2ac  __mspabi_srli_8                
0000d2a8  __mspabi_srli_9                
0000d67a  _c_int00_noargs                
0000d79e  _ctypes_                       
00000078  _device                        
00000000  _ftable                        
000000f2  _lock                          
0000d79a  _nop                           
0000fffe  _reset_vector                  
00000000  _stack                         
000000c6  _stream                        
00000000  _sys_memory                    
0000d79c  _system_post_cinit             
0000d796  _system_pre_init               
000000f4  _unlock                        
0000d790  abort                          
0000c882  aligned_alloc                  
0000d2ce  close                          
000000f8  errno                          
0000d35c  exit                           
0000cc44  fgetc                          
0000d4d6  finddevice                     
0000c978  free                           
0000cc44  getc                           
0000d186  getdevice                      
0000d77a  isspace                        
0000d768  isxdigit                       
0000d236  main                           
0000d782  malloc                         
0000c882  memalign                       
0000d71e  memcpy                         
0000d6f8  memset                         
000003c0  parmbuf                        
0000d632  read                           
0000d5e4  remove                         
0000d3e2  scanf                          
0000ca4a  setvbuf                        
0000d6b2  strchr                         
0000d6cc  strcmp                         
0000d740  strcpy                         
0000d750  strlen                         
0000d590  strncpy                        
0000c304  strtol                         
0000c6e2  strtoul                        
0000ccd2  ungetc                         
0000d5e4  unlink                         
0000d656  write                          
000003ca  x                              
000003cc  y                              


GLOBAL SYMBOLS: SORTED BY Symbol Address 

address   name                           
-------   ----                           
00000000  IE1                            
00000000  _ftable                        
00000000  _stack                         
00000000  _sys_memory                    
00000001  IE2                            
00000002  IFG1                           
00000003  IFG2                           
00000010  P3REN                          
00000018  P3IN                           
00000019  P3OUT                          
0000001a  P3DIR                          
0000001b  P3SEL                          
00000020  P1IN                           
00000021  P1OUT                          
00000022  P1DIR                          
00000023  P1IFG                          
00000024  P1IES                          
00000025  P1IE                           
00000026  P1SEL                          
00000027  P1REN                          
00000028  P2IN                           
00000029  P2OUT                          
0000002a  P2DIR                          
0000002b  P2IFG                          
0000002c  P2IES                          
0000002d  P2IE                           
0000002e  P2SEL                          
0000002f  P2REN                          
00000041  P1SEL2                         
00000042  P2SEL2                         
00000043  P3SEL2                         
00000048  ADC10DTC0                      
00000049  ADC10DTC1                      
0000004a  ADC10AE0                       
00000050  __STACK_END                    
00000050  __STACK_SIZE                   
00000050  __SYSMEM_SIZE                  
00000053  BCSCTL3                        
00000056  DCOCTL                         
00000057  BCSCTL1                        
00000058  BCSCTL2                        
0000005d  UCA0ABCTL                      
0000005e  UCA0IRTCTL                     
0000005f  UCA0IRRCTL                     
00000060  UCA0CTL0                       
00000061  UCA0CTL1                       
00000062  UCA0BR0                        
00000063  UCA0BR1                        
00000064  UCA0MCTL                       
00000065  UCA0STAT                       
00000066  UCA0RXBUF                      
00000067  UCA0TXBUF                      
00000068  UCB0CTL0                       
00000069  UCB0CTL1                       
0000006a  UCB0BR0                        
0000006b  UCB0BR1                        
0000006c  UCB0I2CIE                      
0000006d  UCB0STAT                       
0000006e  UCB0RXBUF                      
0000006f  UCB0TXBUF                      
00000078  _device                        
000000c6  _stream                        
000000ee  __TI_cleanup_ptr               
000000f0  __TI_dtors_ptr                 
000000f2  _lock                          
000000f4  _unlock                        
000000f6  __TI_ft_end                    
000000f8  errno                          
000000fa  __TI_enable_exit_profile_output
00000118  UCB0I2COA                      
0000011a  UCB0I2CSA                      
0000011e  TA1IV                          
00000120  WDTCTL                         
00000128  FCTL1                          
0000012a  FCTL2                          
0000012c  FCTL3                          
0000012e  TA0IV                          
00000160  TA0CTL                         
00000162  TA0CCTL0                       
00000164  TA0CCTL1                       
00000166  TA0CCTL2                       
00000170  TA0R                           
00000172  TA0CCR0                        
00000174  TA0CCR1                        
00000176  TA0CCR2                        
00000180  TA1CTL                         
00000182  TA1CCTL0                       
00000184  TA1CCTL1                       
00000186  TA1CCTL2                       
00000190  TA1R                           
00000192  TA1CCR0                        
00000194  TA1CCR1                        
00000196  TA1CCR2                        
000001b0  ADC10CTL0                      
000001b2  ADC10CTL1                      
000001b4  ADC10MEM                       
000001bc  ADC10SA                        
00000200  _CIOBUF_                       
00000320  __TI_tmpnams                   
000003c0  parmbuf                        
000003ca  x                              
000003cc  y                              
000010c0  TLV_CHECKSUM                   
000010da  TLV_ADC10_1_TAG                
000010db  TLV_ADC10_1_LEN                
000010f6  TLV_DCO_30_TAG                 
000010f7  TLV_DCO_30_LEN                 
000010f8  CALDCO_16MHZ                   
000010f9  CALBC1_16MHZ                   
000010fa  CALDCO_12MHZ                   
000010fb  CALBC1_12MHZ                   
000010fc  CALDCO_8MHZ                    
000010fd  CALBC1_8MHZ                    
000010fe  CALDCO_1MHZ                    
000010ff  CALBC1_1MHZ                    
0000c000  __TI_scanfi_minimal            
0000c304  strtol                         
0000c6e2  strtoul                        
0000c882  aligned_alloc                  
0000c882  memalign                       
0000c978  free                           
0000ca4a  setvbuf                        
0000cbb2  __TI_buff_read                 
0000cc44  fgetc                          
0000cc44  getc                           
0000ccd2  ungetc                         
0000cd5c  HOSTlseek                      
0000cde4  __TI_decompress_lzss           
0000ce60  __TI_closefile                 
0000ced2  HOSTrename                     
0000cfa4  HOSTopen                       
0000d00a  HOSTwrite                      
0000d06c  __TI_doflush                   
0000d0ce  HOSTread                       
0000d12e  __TI_rd_ok                     
0000d186  getdevice                      
0000d1de  __mspabi_divul                 
0000d1de  __mspabi_remul                 
0000d236  main                           
0000d282  __mspabi_srli                  
0000d290  __mspabi_srli_15               
0000d294  __mspabi_srli_14               
0000d298  __mspabi_srli_13               
0000d29c  __mspabi_srli_12               
0000d2a0  __mspabi_srli_11               
0000d2a4  __mspabi_srli_10               
0000d2a8  __mspabi_srli_9                
0000d2ac  __mspabi_srli_8                
0000d2b0  __mspabi_srli_7                
0000d2b4  __mspabi_srli_6                
0000d2b8  __mspabi_srli_5                
0000d2bc  __mspabi_srli_4                
0000d2c0  __mspabi_srli_3                
0000d2c4  __mspabi_srli_2                
0000d2c8  __mspabi_srli_1                
0000d2ce  close                          
0000d318  HOSTclose                      
0000d35c  exit                           
0000d3a0  __TI_auto_init_nobinit_nopinit 
0000d3e2  scanf                          
0000d424  HOSTunlink                     
0000d464  __mspabi_slll_15               
0000d468  __mspabi_slll_14               
0000d46c  __mspabi_slll_13               
0000d470  __mspabi_slll_12               
0000d474  __mspabi_slll_11               
0000d478  __mspabi_slll_10               
0000d47c  __mspabi_slll_9                
0000d480  __mspabi_slll_8                
0000d484  __mspabi_slll_7                
0000d488  __mspabi_slll_6                
0000d48c  __mspabi_slll_5                
0000d490  __mspabi_slll_4                
0000d494  __mspabi_slll_3                
0000d498  __mspabi_slll_2                
0000d49c  __mspabi_slll_1                
0000d4a2  __TI_cleanup                   
0000d4d6  finddevice                     
0000d50a  __TI_writemsg                  
0000d534  C$$IO$$                        
0000d538  __TI_readmsg                   
0000d564  __mspabi_slli                  
0000d570  __mspabi_slli_15               
0000d572  __mspabi_slli_14               
0000d574  __mspabi_slli_13               
0000d576  __mspabi_slli_12               
0000d578  __mspabi_slli_11               
0000d57a  __mspabi_slli_10               
0000d57c  __mspabi_slli_9                
0000d57e  __mspabi_slli_8                
0000d580  __mspabi_slli_7                
0000d582  __mspabi_slli_6                
0000d584  __mspabi_slli_5                
0000d586  __mspabi_slli_4                
0000d588  __mspabi_slli_3                
0000d58a  __mspabi_slli_2                
0000d58c  __mspabi_slli_1                
0000d590  strncpy                        
0000d5e4  remove                         
0000d5e4  unlink                         
0000d60c  __mspabi_mpyl                  
0000d60c  __mspabi_mpyl_sw               
0000d632  read                           
0000d656  write                          
0000d67a  _c_int00_noargs                
0000d6b2  strchr                         
0000d6cc  strcmp                         
0000d6e4  __TI_zero_init_nomemset        
0000d6f8  memset                         
0000d70c  __TI_decompress_none           
0000d71e  memcpy                         
0000d730  __mspabi_func_epilog_7         
0000d732  __mspabi_func_epilog_6         
0000d734  __mspabi_func_epilog_5         
0000d736  __mspabi_func_epilog_4         
0000d738  __mspabi_func_epilog_3         
0000d73a  __mspabi_func_epilog_2         
0000d73c  __mspabi_func_epilog_1         
0000d740  strcpy                         
0000d750  strlen                         
0000d768  isxdigit                       
0000d772  __TI_ISR_TRAP                  
0000d77a  isspace                        
0000d782  malloc                         
0000d790  C$$EXIT                        
0000d790  abort                          
0000d796  _system_pre_init               
0000d79a  _nop                           
0000d79c  _system_post_cinit             
0000d79e  _ctypes_                       
0000d8da  __TI_Handler_Table_Base        
0000d8e0  __TI_Handler_Table_Limit       
0000d8e4  __TI_CINIT_Base                
0000d8ec  __TI_CINIT_Limit               
0000d8ec  __TI_CINIT_Warm                
0000ffe0  __TI_int00                     
0000ffe4  __TI_int02                     
0000ffe6  __TI_int03                     
0000ffea  __TI_int05                     
0000ffec  __TI_int06                     
0000ffee  __TI_int07                     
0000fff0  __TI_int08                     
0000fff2  __TI_int09                     
0000fff4  __TI_int10                     
0000fff8  __TI_int12                     
0000fffa  __TI_int13                     
0000fffc  __TI_int14                     
0000fffe  _reset_vector                  
ffffffff  __TI_pprof_out_hndl            
ffffffff  __TI_prof_data_size            
ffffffff  __TI_prof_data_start           
ffffffff  __c_args__                     

[252 symbols]
