<?xml version="1.0" encoding="ISO-8859-1" ?>
<link_info>
   <banner>MSP430 Linker PC v21.6.1.LTS</banner>
   <copyright>Copyright (c) 2003-2018 Texas Instruments Incorporated</copyright>
   <link_time>0x63a9b17b</link_time>
   <link_errors>0x0</link_errors>
   <output_file>v6_final.out</output_file>
   <entry_point>
      <name>_c_int00_noargs</name>
      <address>0xc938</address>
   </entry_point>
   <input_file_list>
      <input_file id="fl-2">
         <path>.\</path>
         <kind>object</kind>
         <file>func.obj</file>
         <name>func.obj</name>
      </input_file>
      <input_file id="fl-3">
         <path>.\</path>
         <kind>object</kind>
         <file>main.obj</file>
         <name>main.obj</name>
      </input_file>
      <input_file id="fl-8">
         <kind>object</kind>
         <file>&lt;internal&gt;</file>
         <name>&lt;internal&gt;</name>
      </input_file>
      <input_file id="fl-1e">
         <path>C:\ti\ccs1200\ccs\tools\compiler\ti-cgt-msp430_21.6.1.LTS\lib\</path>
         <kind>archive</kind>
         <file>rts430_eabi.lib</file>
         <name>int00.asm.obj</name>
      </input_file>
      <input_file id="fl-1f">
         <path>C:\ti\ccs1200\ccs\tools\compiler\ti-cgt-msp430_21.6.1.LTS\lib\</path>
         <kind>archive</kind>
         <file>rts430_eabi.lib</file>
         <name>int05.asm.obj</name>
      </input_file>
      <input_file id="fl-20">
         <path>C:\ti\ccs1200\ccs\tools\compiler\ti-cgt-msp430_21.6.1.LTS\lib\</path>
         <kind>archive</kind>
         <file>rts430_eabi.lib</file>
         <name>int06.asm.obj</name>
      </input_file>
      <input_file id="fl-21">
         <path>C:\ti\ccs1200\ccs\tools\compiler\ti-cgt-msp430_21.6.1.LTS\lib\</path>
         <kind>archive</kind>
         <file>rts430_eabi.lib</file>
         <name>int07.asm.obj</name>
      </input_file>
      <input_file id="fl-22">
         <path>C:\ti\ccs1200\ccs\tools\compiler\ti-cgt-msp430_21.6.1.LTS\lib\</path>
         <kind>archive</kind>
         <file>rts430_eabi.lib</file>
         <name>int08.asm.obj</name>
      </input_file>
      <input_file id="fl-23">
         <path>C:\ti\ccs1200\ccs\tools\compiler\ti-cgt-msp430_21.6.1.LTS\lib\</path>
         <kind>archive</kind>
         <file>rts430_eabi.lib</file>
         <name>int09.asm.obj</name>
      </input_file>
      <input_file id="fl-24">
         <path>C:\ti\ccs1200\ccs\tools\compiler\ti-cgt-msp430_21.6.1.LTS\lib\</path>
         <kind>archive</kind>
         <file>rts430_eabi.lib</file>
         <name>int10.asm.obj</name>
      </input_file>
      <input_file id="fl-25">
         <path>C:\ti\ccs1200\ccs\tools\compiler\ti-cgt-msp430_21.6.1.LTS\lib\</path>
         <kind>archive</kind>
         <file>rts430_eabi.lib</file>
         <name>int12.asm.obj</name>
      </input_file>
      <input_file id="fl-26">
         <path>C:\ti\ccs1200\ccs\tools\compiler\ti-cgt-msp430_21.6.1.LTS\lib\</path>
         <kind>archive</kind>
         <file>rts430_eabi.lib</file>
         <name>int13.asm.obj</name>
      </input_file>
      <input_file id="fl-27">
         <path>C:\ti\ccs1200\ccs\tools\compiler\ti-cgt-msp430_21.6.1.LTS\lib\</path>
         <kind>archive</kind>
         <file>rts430_eabi.lib</file>
         <name>int14.asm.obj</name>
      </input_file>
      <input_file id="fl-28">
         <path>C:\ti\ccs1200\ccs\tools\compiler\ti-cgt-msp430_21.6.1.LTS\lib\</path>
         <kind>archive</kind>
         <file>rts430_eabi.lib</file>
         <name>isr_trap.asm.obj</name>
      </input_file>
      <input_file id="fl-29">
         <path>C:\ti\ccs1200\ccs\tools\compiler\ti-cgt-msp430_21.6.1.LTS\lib\</path>
         <kind>archive</kind>
         <file>rts430_eabi.lib</file>
         <name>boot.c.obj</name>
      </input_file>
      <input_file id="fl-2a">
         <path>C:\ti\ccs1200\ccs\tools\compiler\ti-cgt-msp430_21.6.1.LTS\lib\</path>
         <kind>archive</kind>
         <file>rts430_eabi.lib</file>
         <name>autoinit.c.obj</name>
      </input_file>
      <input_file id="fl-2b">
         <path>C:\ti\ccs1200\ccs\tools\compiler\ti-cgt-msp430_21.6.1.LTS\lib\</path>
         <kind>archive</kind>
         <file>rts430_eabi.lib</file>
         <name>copy_zero_init.c.obj</name>
      </input_file>
      <input_file id="fl-2c">
         <path>C:\ti\ccs1200\ccs\tools\compiler\ti-cgt-msp430_21.6.1.LTS\lib\</path>
         <kind>archive</kind>
         <file>rts430_eabi.lib</file>
         <name>cpy_tbl.c.obj</name>
      </input_file>
      <input_file id="fl-2d">
         <path>C:\ti\ccs1200\ccs\tools\compiler\ti-cgt-msp430_21.6.1.LTS\lib\</path>
         <kind>archive</kind>
         <file>rts430_eabi.lib</file>
         <name>mpu_init.c.obj</name>
      </input_file>
      <input_file id="fl-2e">
         <path>C:\ti\ccs1200\ccs\tools\compiler\ti-cgt-msp430_21.6.1.LTS\lib\</path>
         <kind>archive</kind>
         <file>rts430_eabi.lib</file>
         <name>pre_init.c.obj</name>
      </input_file>
      <input_file id="fl-2f">
         <path>C:\ti\ccs1200\ccs\tools\compiler\ti-cgt-msp430_21.6.1.LTS\lib\</path>
         <kind>archive</kind>
         <file>rts430_eabi.lib</file>
         <name>startup.c.obj</name>
      </input_file>
      <input_file id="fl-30">
         <path>C:\ti\ccs1200\ccs\tools\compiler\ti-cgt-msp430_21.6.1.LTS\lib\</path>
         <kind>archive</kind>
         <file>rts430_eabi.lib</file>
         <name>copy_decompress_none.c.obj</name>
      </input_file>
      <input_file id="fl-31">
         <path>C:\ti\ccs1200\ccs\tools\compiler\ti-cgt-msp430_21.6.1.LTS\lib\</path>
         <kind>archive</kind>
         <file>rts430_eabi.lib</file>
         <name>copy_decompress_lzss.c.obj</name>
      </input_file>
      <input_file id="fl-32">
         <path>C:\ti\ccs1200\ccs\tools\compiler\ti-cgt-msp430_21.6.1.LTS\lib\</path>
         <kind>archive</kind>
         <file>rts430_eabi.lib</file>
         <name>exit.c.obj</name>
      </input_file>
      <input_file id="fl-33">
         <path>C:\ti\ccs1200\ccs\tools\compiler\ti-cgt-msp430_21.6.1.LTS\lib\</path>
         <kind>archive</kind>
         <file>rts430_eabi.lib</file>
         <name>_lock.c.obj</name>
      </input_file>
      <input_file id="fl-34">
         <path>C:\ti\ccs1200\ccs\tools\compiler\ti-cgt-msp430_21.6.1.LTS\lib\</path>
         <kind>archive</kind>
         <file>rts430_eabi.lib</file>
         <name>args_main.c.obj</name>
      </input_file>
      <input_file id="fl-35">
         <path>C:\ti\ccs1200\ccs\tools\compiler\ti-cgt-msp430_21.6.1.LTS\lib\</path>
         <kind>archive</kind>
         <file>rts430_eabi.lib</file>
         <name>memcpy.c.obj</name>
      </input_file>
      <input_file id="fl-36">
         <path>C:\ti\ccs1200\ccs\tools\compiler\ti-cgt-msp430_21.6.1.LTS\lib\</path>
         <kind>archive</kind>
         <file>rts430_eabi.lib</file>
         <name>epilog.asm.obj</name>
      </input_file>
      <input_file id="fl-37">
         <path>C:\ti\ccs1200\ccs\tools\compiler\ti-cgt-msp430_21.6.1.LTS\lib\</path>
         <kind>archive</kind>
         <file>rts430_eabi.lib</file>
         <name>lsl16.asm.obj</name>
      </input_file>
      <input_file id="fl-38">
         <path>C:\ti\ccs1200\ccs\tools\compiler\ti-cgt-msp430_21.6.1.LTS\lib\</path>
         <kind>archive</kind>
         <file>rts430_eabi.lib</file>
         <name>lsr16.asm.obj</name>
      </input_file>
      <input_file id="fl-39">
         <path>C:\ti\ccs1200\ccs\tools\compiler\ti-cgt-msp430_21.6.1.LTS\lib\</path>
         <kind>archive</kind>
         <file>rts430_eabi.lib</file>
         <name>mult16.asm.obj</name>
      </input_file>
      <input_file id="fl-3a">
         <path>C:\ti\ccs1200\ccs\tools\compiler\ti-cgt-msp430_21.6.1.LTS\lib\</path>
         <kind>archive</kind>
         <file>rts430_eabi.lib</file>
         <name>exit_gvars.c.obj</name>
      </input_file>
   </input_file_list>
   <object_component_list>
      <object_component id="oc-1aa">
         <name>.common:str</name>
         <uninitialized>true</uninitialized>
         <run_address>0x200</run_address>
         <size>0x6</size>
      </object_component>
      <object_component id="oc-145">
         <name>.common:x_new</name>
         <uninitialized>true</uninitialized>
         <run_address>0x206</run_address>
         <size>0x2</size>
      </object_component>
      <object_component id="oc-15a">
         <name>.common:y_new</name>
         <uninitialized>true</uninitialized>
         <run_address>0x208</run_address>
         <size>0x2</size>
      </object_component>
      <object_component id="oc-14a">
         <name>.data</name>
         <load_address>0x20a</load_address>
         <run_address>0x20a</run_address>
         <size>0x6</size>
         <input_file_ref idref="fl-3"/>
      </object_component>
      <object_component id="oc-ac">
         <name>.stack</name>
         <uninitialized>true</uninitialized>
         <run_address>0x3b0</run_address>
         <size>0x2</size>
         <input_file_ref idref="fl-29"/>
      </object_component>
      <object_component id="oc-29b">
         <name>.stack</name>
         <uninitialized>true</uninitialized>
         <run_address>0x3b0</run_address>
         <size>0x0</size>
      </object_component>
      <object_component id="oc-176">
         <name>.text:main</name>
         <load_address>0xc000</load_address>
         <run_address>0xc000</run_address>
         <size>0x1e6</size>
         <input_file_ref idref="fl-3"/>
      </object_component>
      <object_component id="oc-153">
         <name>.text:motor1_clockwise</name>
         <load_address>0xc1e6</load_address>
         <run_address>0xc1e6</run_address>
         <size>0x15c</size>
         <input_file_ref idref="fl-2"/>
      </object_component>
      <object_component id="oc-14d">
         <name>.text:motor1_counter_clockwise</name>
         <load_address>0xc342</load_address>
         <run_address>0xc342</run_address>
         <size>0x15c</size>
         <input_file_ref idref="fl-2"/>
      </object_component>
      <object_component id="oc-161">
         <name>.text:motor2_clockwise</name>
         <load_address>0xc49e</load_address>
         <run_address>0xc49e</run_address>
         <size>0x126</size>
         <input_file_ref idref="fl-2"/>
      </object_component>
      <object_component id="oc-15b">
         <name>.text:motor2_counter_clockwise</name>
         <load_address>0xc5c4</load_address>
         <run_address>0xc5c4</run_address>
         <size>0x126</size>
         <input_file_ref idref="fl-2"/>
      </object_component>
      <object_component id="oc-dc">
         <name>.text:Port_1</name>
         <load_address>0xc6ea</load_address>
         <run_address>0xc6ea</run_address>
         <size>0x8c</size>
         <input_file_ref idref="fl-2"/>
      </object_component>
      <object_component id="oc-e2">
         <name>.text:Port_2</name>
         <load_address>0xc776</load_address>
         <run_address>0xc776</run_address>
         <size>0x8c</size>
         <input_file_ref idref="fl-2"/>
      </object_component>
      <object_component id="oc-33">
         <name>.text:decompress:lzss:__TI_decompress_lzss</name>
         <load_address>0xc802</load_address>
         <run_address>0xc802</run_address>
         <size>0x7c</size>
         <input_file_ref idref="fl-31"/>
      </object_component>
      <object_component id="oc-b5">
         <name>.text</name>
         <load_address>0xc87e</load_address>
         <run_address>0xc87e</run_address>
         <size>0x4c</size>
         <input_file_ref idref="fl-38"/>
      </object_component>
      <object_component id="oc-1b8">
         <name>.text:__TI_auto_init_nobinit_nopinit:__TI_auto_init_nobinit_nopinit</name>
         <load_address>0xc8ca</load_address>
         <run_address>0xc8ca</run_address>
         <size>0x42</size>
         <input_file_ref idref="fl-2a"/>
      </object_component>
      <object_component id="oc-b0">
         <name>.text</name>
         <load_address>0xc90c</load_address>
         <run_address>0xc90c</run_address>
         <size>0x2c</size>
         <input_file_ref idref="fl-37"/>
      </object_component>
      <object_component id="oc-fa">
         <name>.text:_c_int00_noargs</name>
         <load_address>0xc938</load_address>
         <run_address>0xc938</run_address>
         <size>0x1c</size>
         <input_file_ref idref="fl-29"/>
      </object_component>
      <object_component id="oc-13f">
         <name>.text:write_serial</name>
         <load_address>0xc954</load_address>
         <run_address>0xc954</run_address>
         <size>0x18</size>
         <input_file_ref idref="fl-2"/>
      </object_component>
      <object_component id="oc-e8">
         <name>.text:decompress:ZI:__TI_zero_init_nomemset:__TI_zero_init_nomemset</name>
         <load_address>0xc96c</load_address>
         <run_address>0xc96c</run_address>
         <size>0x14</size>
         <input_file_ref idref="fl-2b"/>
      </object_component>
      <object_component id="oc-39">
         <name>.text:decompress:none:__TI_decompress_none</name>
         <load_address>0xc980</load_address>
         <run_address>0xc980</run_address>
         <size>0x12</size>
         <input_file_ref idref="fl-30"/>
      </object_component>
      <object_component id="oc-ca">
         <name>.text:memcpy</name>
         <load_address>0xc992</load_address>
         <run_address>0xc992</run_address>
         <size>0x12</size>
         <input_file_ref idref="fl-35"/>
      </object_component>
      <object_component id="oc-ba">
         <name>.text</name>
         <load_address>0xc9a4</load_address>
         <run_address>0xc9a4</run_address>
         <size>0x10</size>
         <input_file_ref idref="fl-36"/>
      </object_component>
      <object_component id="oc-d7">
         <name>.text:_isr:__TI_ISR_TRAP</name>
         <load_address>0xc9b4</load_address>
         <run_address>0xc9b4</run_address>
         <size>0x8</size>
         <input_file_ref idref="fl-28"/>
      </object_component>
      <object_component id="oc-1ac">
         <name>.text:abort</name>
         <load_address>0xc9bc</load_address>
         <run_address>0xc9bc</run_address>
         <size>0x6</size>
         <input_file_ref idref="fl-32"/>
      </object_component>
      <object_component id="oc-170">
         <name>.text:_system_pre_init</name>
         <load_address>0xc9c2</load_address>
         <run_address>0xc9c2</run_address>
         <size>0x4</size>
         <input_file_ref idref="fl-2e"/>
      </object_component>
      <object_component id="oc-1fd">
         <name>.text:_system_post_cinit</name>
         <load_address>0xc9c6</load_address>
         <run_address>0xc9c6</run_address>
         <size>0x2</size>
         <input_file_ref idref="fl-2f"/>
      </object_component>
      <object_component id="oc-29a">
         <name>.cinit..data.load</name>
         <load_address>0xcb02</load_address>
         <run_address>0xcb02</run_address>
         <size>0x7</size>
      </object_component>
      <object_component id="oc-297">
         <name>__TI_handler_table</name>
         <load_address>0xcb0a</load_address>
         <run_address>0xcb0a</run_address>
         <size>0x6</size>
      </object_component>
      <object_component id="oc-299">
         <name>.cinit..bss.load</name>
         <load_address>0xcb10</load_address>
         <run_address>0xcb10</run_address>
         <size>0x4</size>
      </object_component>
      <object_component id="oc-298">
         <name>__TI_cinit_table</name>
         <load_address>0xcb14</load_address>
         <run_address>0xcb14</run_address>
         <size>0x8</size>
      </object_component>
      <object_component id="oc-1a9">
         <name>.const:.string</name>
         <load_address>0xc9c8</load_address>
         <run_address>0xc9c8</run_address>
         <size>0xd0</size>
         <input_file_ref idref="fl-3"/>
      </object_component>
      <object_component id="oc-13e">
         <name>.const:.string</name>
         <load_address>0xca98</load_address>
         <run_address>0xca98</run_address>
         <size>0x6a</size>
         <input_file_ref idref="fl-2"/>
      </object_component>
      <object_component id="oc-259">
         <name>.binit</name>
         <load_address>0xc000</load_address>
         <run_address>0xc000</run_address>
         <size>0x0</size>
      </object_component>
      <object_component id="oc-3f">
         <name>.int00</name>
         <load_address>0xffe0</load_address>
         <run_address>0xffe0</run_address>
         <size>0x2</size>
         <input_file_ref idref="fl-1e"/>
      </object_component>
      <object_component id="oc-40">
         <name>.int02</name>
         <load_address>0xffe4</load_address>
         <run_address>0xffe4</run_address>
         <size>0x2</size>
         <input_file_ref idref="fl-2"/>
      </object_component>
      <object_component id="oc-41">
         <name>.int03</name>
         <load_address>0xffe6</load_address>
         <run_address>0xffe6</run_address>
         <size>0x2</size>
         <input_file_ref idref="fl-2"/>
      </object_component>
      <object_component id="oc-42">
         <name>.int05</name>
         <load_address>0xffea</load_address>
         <run_address>0xffea</run_address>
         <size>0x2</size>
         <input_file_ref idref="fl-1f"/>
      </object_component>
      <object_component id="oc-43">
         <name>.int06</name>
         <load_address>0xffec</load_address>
         <run_address>0xffec</run_address>
         <size>0x2</size>
         <input_file_ref idref="fl-20"/>
      </object_component>
      <object_component id="oc-44">
         <name>.int07</name>
         <load_address>0xffee</load_address>
         <run_address>0xffee</run_address>
         <size>0x2</size>
         <input_file_ref idref="fl-21"/>
      </object_component>
      <object_component id="oc-45">
         <name>.int08</name>
         <load_address>0xfff0</load_address>
         <run_address>0xfff0</run_address>
         <size>0x2</size>
         <input_file_ref idref="fl-22"/>
      </object_component>
      <object_component id="oc-46">
         <name>.int09</name>
         <load_address>0xfff2</load_address>
         <run_address>0xfff2</run_address>
         <size>0x2</size>
         <input_file_ref idref="fl-23"/>
      </object_component>
      <object_component id="oc-47">
         <name>.int10</name>
         <load_address>0xfff4</load_address>
         <run_address>0xfff4</run_address>
         <size>0x2</size>
         <input_file_ref idref="fl-24"/>
      </object_component>
      <object_component id="oc-48">
         <name>.int12</name>
         <load_address>0xfff8</load_address>
         <run_address>0xfff8</run_address>
         <size>0x2</size>
         <input_file_ref idref="fl-25"/>
      </object_component>
      <object_component id="oc-49">
         <name>.int13</name>
         <load_address>0xfffa</load_address>
         <run_address>0xfffa</run_address>
         <size>0x2</size>
         <input_file_ref idref="fl-26"/>
      </object_component>
      <object_component id="oc-4a">
         <name>.int14</name>
         <load_address>0xfffc</load_address>
         <run_address>0xfffc</run_address>
         <size>0x2</size>
         <input_file_ref idref="fl-27"/>
      </object_component>
      <object_component id="oc-af">
         <name>.reset</name>
         <load_address>0xfffe</load_address>
         <run_address>0xfffe</run_address>
         <size>0x2</size>
         <input_file_ref idref="fl-29"/>
      </object_component>
      <object_component id="oc-146">
         <name>.debug_info</name>
         <load_address>0x0</load_address>
         <run_address>0x0</run_address>
         <size>0x24f</size>
         <input_file_ref idref="fl-2"/>
      </object_component>
      <object_component id="oc-142">
         <name>.debug_info</name>
         <load_address>0x24f</load_address>
         <run_address>0x24f</run_address>
         <size>0x16f</size>
         <input_file_ref idref="fl-2"/>
      </object_component>
      <object_component id="oc-15c">
         <name>.debug_info</name>
         <load_address>0x3be</load_address>
         <run_address>0x3be</run_address>
         <size>0x125</size>
         <input_file_ref idref="fl-2"/>
      </object_component>
      <object_component id="oc-163">
         <name>.debug_info</name>
         <load_address>0x4e3</load_address>
         <run_address>0x4e3</run_address>
         <size>0x113</size>
         <input_file_ref idref="fl-2"/>
      </object_component>
      <object_component id="oc-14e">
         <name>.debug_info</name>
         <load_address>0x5f6</load_address>
         <run_address>0x5f6</run_address>
         <size>0x122</size>
         <input_file_ref idref="fl-2"/>
      </object_component>
      <object_component id="oc-154">
         <name>.debug_info</name>
         <load_address>0x718</load_address>
         <run_address>0x718</run_address>
         <size>0x112</size>
         <input_file_ref idref="fl-2"/>
      </object_component>
      <object_component id="oc-e5">
         <name>.debug_info</name>
         <load_address>0x82a</load_address>
         <run_address>0x82a</run_address>
         <size>0x19c</size>
         <input_file_ref idref="fl-2"/>
      </object_component>
      <object_component id="oc-de">
         <name>.debug_info</name>
         <load_address>0x9c6</load_address>
         <run_address>0x9c6</run_address>
         <size>0x19c</size>
         <input_file_ref idref="fl-2"/>
      </object_component>
      <object_component id="oc-c5">
         <name>.debug_info</name>
         <load_address>0xb62</load_address>
         <run_address>0xb62</run_address>
         <size>0x84</size>
         <input_file_ref idref="fl-2"/>
      </object_component>
      <object_component id="oc-148">
         <name>.debug_info</name>
         <load_address>0xbe6</load_address>
         <run_address>0xbe6</run_address>
         <size>0x448</size>
         <input_file_ref idref="fl-3"/>
      </object_component>
      <object_component id="oc-14b">
         <name>.debug_info</name>
         <load_address>0x102e</load_address>
         <run_address>0x102e</run_address>
         <size>0x105</size>
         <input_file_ref idref="fl-3"/>
      </object_component>
      <object_component id="oc-177">
         <name>.debug_info</name>
         <load_address>0x1133</load_address>
         <run_address>0x1133</run_address>
         <size>0x1e0</size>
         <input_file_ref idref="fl-3"/>
      </object_component>
      <object_component id="oc-d8">
         <name>.debug_info</name>
         <load_address>0x1313</load_address>
         <run_address>0x1313</run_address>
         <size>0x10f</size>
         <input_file_ref idref="fl-28"/>
      </object_component>
      <object_component id="oc-ad">
         <name>.debug_info</name>
         <load_address>0x1422</load_address>
         <run_address>0x1422</run_address>
         <size>0x100</size>
         <input_file_ref idref="fl-29"/>
      </object_component>
      <object_component id="oc-fe">
         <name>.debug_info</name>
         <load_address>0x1522</load_address>
         <run_address>0x1522</run_address>
         <size>0x17a</size>
         <input_file_ref idref="fl-29"/>
      </object_component>
      <object_component id="oc-204">
         <name>.debug_info</name>
         <load_address>0x169c</load_address>
         <run_address>0x169c</run_address>
         <size>0x3de</size>
         <input_file_ref idref="fl-2a"/>
      </object_component>
      <object_component id="oc-1b9">
         <name>.debug_info</name>
         <load_address>0x1a7a</load_address>
         <run_address>0x1a7a</run_address>
         <size>0x1e0</size>
         <input_file_ref idref="fl-2a"/>
      </object_component>
      <object_component id="oc-235">
         <name>.debug_info</name>
         <load_address>0x1c5a</load_address>
         <run_address>0x1c5a</run_address>
         <size>0x39</size>
         <input_file_ref idref="fl-2a"/>
      </object_component>
      <object_component id="oc-246">
         <name>.debug_info</name>
         <load_address>0x1c93</load_address>
         <run_address>0x1c93</run_address>
         <size>0x2c</size>
         <input_file_ref idref="fl-2a"/>
      </object_component>
      <object_component id="oc-20f">
         <name>.debug_info</name>
         <load_address>0x1cbf</load_address>
         <run_address>0x1cbf</run_address>
         <size>0x2c</size>
         <input_file_ref idref="fl-2a"/>
      </object_component>
      <object_component id="oc-23a">
         <name>.debug_info</name>
         <load_address>0x1ceb</load_address>
         <run_address>0x1ceb</run_address>
         <size>0xcd</size>
         <input_file_ref idref="fl-2a"/>
      </object_component>
      <object_component id="oc-16e">
         <name>.debug_info</name>
         <load_address>0x1db8</load_address>
         <run_address>0x1db8</run_address>
         <size>0x175</size>
         <input_file_ref idref="fl-2b"/>
      </object_component>
      <object_component id="oc-eb">
         <name>.debug_info</name>
         <load_address>0x1f2d</load_address>
         <run_address>0x1f2d</run_address>
         <size>0x1d2</size>
         <input_file_ref idref="fl-2b"/>
      </object_component>
      <object_component id="oc-169">
         <name>.debug_info</name>
         <load_address>0x20ff</load_address>
         <run_address>0x20ff</run_address>
         <size>0x46</size>
         <input_file_ref idref="fl-2b"/>
      </object_component>
      <object_component id="oc-131">
         <name>.debug_info</name>
         <load_address>0x2145</load_address>
         <run_address>0x2145</run_address>
         <size>0x2c</size>
         <input_file_ref idref="fl-2b"/>
      </object_component>
      <object_component id="oc-171">
         <name>.debug_info</name>
         <load_address>0x2171</load_address>
         <run_address>0x2171</run_address>
         <size>0x153</size>
         <input_file_ref idref="fl-2e"/>
      </object_component>
      <object_component id="oc-201">
         <name>.debug_info</name>
         <load_address>0x22c4</load_address>
         <run_address>0x22c4</run_address>
         <size>0x150</size>
         <input_file_ref idref="fl-2f"/>
      </object_component>
      <object_component id="oc-d6">
         <name>.debug_info</name>
         <load_address>0x2414</load_address>
         <run_address>0x2414</run_address>
         <size>0x180</size>
         <input_file_ref idref="fl-30"/>
      </object_component>
      <object_component id="oc-3c">
         <name>.debug_info</name>
         <load_address>0x2594</load_address>
         <run_address>0x2594</run_address>
         <size>0x1ea</size>
         <input_file_ref idref="fl-30"/>
      </object_component>
      <object_component id="oc-d1">
         <name>.debug_info</name>
         <load_address>0x277e</load_address>
         <run_address>0x277e</run_address>
         <size>0x46</size>
         <input_file_ref idref="fl-30"/>
      </object_component>
      <object_component id="oc-136">
         <name>.debug_info</name>
         <load_address>0x27c4</load_address>
         <run_address>0x27c4</run_address>
         <size>0x2c</size>
         <input_file_ref idref="fl-30"/>
      </object_component>
      <object_component id="oc-12e">
         <name>.debug_info</name>
         <load_address>0x27f0</load_address>
         <run_address>0x27f0</run_address>
         <size>0x176</size>
         <input_file_ref idref="fl-31"/>
      </object_component>
      <object_component id="oc-34">
         <name>.debug_info</name>
         <load_address>0x2966</load_address>
         <run_address>0x2966</run_address>
         <size>0x292</size>
         <input_file_ref idref="fl-31"/>
      </object_component>
      <object_component id="oc-c0">
         <name>.debug_info</name>
         <load_address>0x2bf8</load_address>
         <run_address>0x2bf8</run_address>
         <size>0x60</size>
         <input_file_ref idref="fl-31"/>
      </object_component>
      <object_component id="oc-192">
         <name>.debug_info</name>
         <load_address>0x2c58</load_address>
         <run_address>0x2c58</run_address>
         <size>0x46</size>
         <input_file_ref idref="fl-31"/>
      </object_component>
      <object_component id="oc-129">
         <name>.debug_info</name>
         <load_address>0x2c9e</load_address>
         <run_address>0x2c9e</run_address>
         <size>0x39</size>
         <input_file_ref idref="fl-31"/>
      </object_component>
      <object_component id="oc-1ad">
         <name>.debug_info</name>
         <load_address>0x2cd7</load_address>
         <run_address>0x2cd7</run_address>
         <size>0x122</size>
         <input_file_ref idref="fl-32"/>
      </object_component>
      <object_component id="oc-130">
         <name>.debug_info</name>
         <load_address>0x2df9</load_address>
         <run_address>0x2df9</run_address>
         <size>0x181</size>
         <input_file_ref idref="fl-35"/>
      </object_component>
      <object_component id="oc-cd">
         <name>.debug_info</name>
         <load_address>0x2f7a</load_address>
         <run_address>0x2f7a</run_address>
         <size>0x17a</size>
         <input_file_ref idref="fl-35"/>
      </object_component>
      <object_component id="oc-bc">
         <name>.debug_info</name>
         <load_address>0x30f4</load_address>
         <run_address>0x30f4</run_address>
         <size>0x12e</size>
         <input_file_ref idref="fl-36"/>
      </object_component>
      <object_component id="oc-b1">
         <name>.debug_info</name>
         <load_address>0x3222</load_address>
         <run_address>0x3222</run_address>
         <size>0x120</size>
         <input_file_ref idref="fl-37"/>
      </object_component>
      <object_component id="oc-b7">
         <name>.debug_info</name>
         <load_address>0x3342</load_address>
         <run_address>0x3342</run_address>
         <size>0x120</size>
         <input_file_ref idref="fl-38"/>
      </object_component>
      <object_component id="oc-29c">
         <name>.debug_info</name>
         <load_address>0x3462</load_address>
         <run_address>0x3462</run_address>
         <size>0x9c</size>
      </object_component>
      <object_component id="oc-19d">
         <name>.debug_line</name>
         <load_address>0x0</load_address>
         <run_address>0x0</run_address>
         <size>0x68</size>
         <input_file_ref idref="fl-2"/>
      </object_component>
      <object_component id="oc-140">
         <name>.debug_line</name>
         <load_address>0x68</load_address>
         <run_address>0x68</run_address>
         <size>0x4d</size>
         <input_file_ref idref="fl-2"/>
      </object_component>
      <object_component id="oc-15f">
         <name>.debug_line</name>
         <load_address>0xb5</load_address>
         <run_address>0xb5</run_address>
         <size>0xad</size>
         <input_file_ref idref="fl-2"/>
      </object_component>
      <object_component id="oc-162">
         <name>.debug_line</name>
         <load_address>0x162</load_address>
         <run_address>0x162</run_address>
         <size>0xae</size>
         <input_file_ref idref="fl-2"/>
      </object_component>
      <object_component id="oc-151">
         <name>.debug_line</name>
         <load_address>0x210</load_address>
         <run_address>0x210</run_address>
         <size>0xe3</size>
         <input_file_ref idref="fl-2"/>
      </object_component>
      <object_component id="oc-157">
         <name>.debug_line</name>
         <load_address>0x2f3</load_address>
         <run_address>0x2f3</run_address>
         <size>0xe1</size>
         <input_file_ref idref="fl-2"/>
      </object_component>
      <object_component id="oc-e4">
         <name>.debug_line</name>
         <load_address>0x3d4</load_address>
         <run_address>0x3d4</run_address>
         <size>0x5c</size>
         <input_file_ref idref="fl-2"/>
      </object_component>
      <object_component id="oc-e1">
         <name>.debug_line</name>
         <load_address>0x430</load_address>
         <run_address>0x430</run_address>
         <size>0x5a</size>
         <input_file_ref idref="fl-2"/>
      </object_component>
      <object_component id="oc-c8">
         <name>.debug_line</name>
         <load_address>0x48a</load_address>
         <run_address>0x48a</run_address>
         <size>0x20</size>
         <input_file_ref idref="fl-2"/>
      </object_component>
      <object_component id="oc-19f">
         <name>.debug_line</name>
         <load_address>0x4aa</load_address>
         <run_address>0x4aa</run_address>
         <size>0x68</size>
         <input_file_ref idref="fl-3"/>
      </object_component>
      <object_component id="oc-1a1">
         <name>.debug_line</name>
         <load_address>0x512</load_address>
         <run_address>0x512</run_address>
         <size>0x2d</size>
         <input_file_ref idref="fl-3"/>
      </object_component>
      <object_component id="oc-17a">
         <name>.debug_line</name>
         <load_address>0x53f</load_address>
         <run_address>0x53f</run_address>
         <size>0xd3</size>
         <input_file_ref idref="fl-3"/>
      </object_component>
      <object_component id="oc-db">
         <name>.debug_line</name>
         <load_address>0x612</load_address>
         <run_address>0x612</run_address>
         <size>0x3d</size>
         <input_file_ref idref="fl-28"/>
      </object_component>
      <object_component id="oc-125">
         <name>.debug_line</name>
         <load_address>0x64f</load_address>
         <run_address>0x64f</run_address>
         <size>0x2a</size>
         <input_file_ref idref="fl-29"/>
      </object_component>
      <object_component id="oc-fd">
         <name>.debug_line</name>
         <load_address>0x679</load_address>
         <run_address>0x679</run_address>
         <size>0x46</size>
         <input_file_ref idref="fl-29"/>
      </object_component>
      <object_component id="oc-234">
         <name>.debug_line</name>
         <load_address>0x6bf</load_address>
         <run_address>0x6bf</run_address>
         <size>0xbf</size>
         <input_file_ref idref="fl-2a"/>
      </object_component>
      <object_component id="oc-1bc">
         <name>.debug_line</name>
         <load_address>0x77e</load_address>
         <run_address>0x77e</run_address>
         <size>0x76</size>
         <input_file_ref idref="fl-2a"/>
      </object_component>
      <object_component id="oc-238">
         <name>.debug_line</name>
         <load_address>0x7f4</load_address>
         <run_address>0x7f4</run_address>
         <size>0x2e</size>
         <input_file_ref idref="fl-2a"/>
      </object_component>
      <object_component id="oc-249">
         <name>.debug_line</name>
         <load_address>0x822</load_address>
         <run_address>0x822</run_address>
         <size>0x9a</size>
         <input_file_ref idref="fl-2a"/>
      </object_component>
      <object_component id="oc-212">
         <name>.debug_line</name>
         <load_address>0x8bc</load_address>
         <run_address>0x8bc</run_address>
         <size>0x97</size>
         <input_file_ref idref="fl-2a"/>
      </object_component>
      <object_component id="oc-23d">
         <name>.debug_line</name>
         <load_address>0x953</load_address>
         <run_address>0x953</run_address>
         <size>0x93</size>
         <input_file_ref idref="fl-2a"/>
      </object_component>
      <object_component id="oc-1a7">
         <name>.debug_line</name>
         <load_address>0x9e6</load_address>
         <run_address>0x9e6</run_address>
         <size>0x20</size>
         <input_file_ref idref="fl-2b"/>
      </object_component>
      <object_component id="oc-e9">
         <name>.debug_line</name>
         <load_address>0xa06</load_address>
         <run_address>0xa06</run_address>
         <size>0x4a</size>
         <input_file_ref idref="fl-2b"/>
      </object_component>
      <object_component id="oc-16c">
         <name>.debug_line</name>
         <load_address>0xa50</load_address>
         <run_address>0xa50</run_address>
         <size>0x34</size>
         <input_file_ref idref="fl-2b"/>
      </object_component>
      <object_component id="oc-134">
         <name>.debug_line</name>
         <load_address>0xa84</load_address>
         <run_address>0xa84</run_address>
         <size>0x92</size>
         <input_file_ref idref="fl-2b"/>
      </object_component>
      <object_component id="oc-175">
         <name>.debug_line</name>
         <load_address>0xb16</load_address>
         <run_address>0xb16</run_address>
         <size>0x3e</size>
         <input_file_ref idref="fl-2e"/>
      </object_component>
      <object_component id="oc-200">
         <name>.debug_line</name>
         <load_address>0xb54</load_address>
         <run_address>0xb54</run_address>
         <size>0x3a</size>
         <input_file_ref idref="fl-2f"/>
      </object_component>
      <object_component id="oc-13c">
         <name>.debug_line</name>
         <load_address>0xb8e</load_address>
         <run_address>0xb8e</run_address>
         <size>0x20</size>
         <input_file_ref idref="fl-30"/>
      </object_component>
      <object_component id="oc-3a">
         <name>.debug_line</name>
         <load_address>0xbae</load_address>
         <run_address>0xbae</run_address>
         <size>0x50</size>
         <input_file_ref idref="fl-30"/>
      </object_component>
      <object_component id="oc-d4">
         <name>.debug_line</name>
         <load_address>0xbfe</load_address>
         <run_address>0xbfe</run_address>
         <size>0x3a</size>
         <input_file_ref idref="fl-30"/>
      </object_component>
      <object_component id="oc-139">
         <name>.debug_line</name>
         <load_address>0xc38</load_address>
         <run_address>0xc38</run_address>
         <size>0x92</size>
         <input_file_ref idref="fl-30"/>
      </object_component>
      <object_component id="oc-198">
         <name>.debug_line</name>
         <load_address>0xcca</load_address>
         <run_address>0xcca</run_address>
         <size>0x20</size>
         <input_file_ref idref="fl-31"/>
      </object_component>
      <object_component id="oc-37">
         <name>.debug_line</name>
         <load_address>0xcea</load_address>
         <run_address>0xcea</run_address>
         <size>0x92</size>
         <input_file_ref idref="fl-31"/>
      </object_component>
      <object_component id="oc-c3">
         <name>.debug_line</name>
         <load_address>0xd7c</load_address>
         <run_address>0xd7c</run_address>
         <size>0x3a</size>
         <input_file_ref idref="fl-31"/>
      </object_component>
      <object_component id="oc-195">
         <name>.debug_line</name>
         <load_address>0xdb6</load_address>
         <run_address>0xdb6</run_address>
         <size>0x9a</size>
         <input_file_ref idref="fl-31"/>
      </object_component>
      <object_component id="oc-12c">
         <name>.debug_line</name>
         <load_address>0xe50</load_address>
         <run_address>0xe50</run_address>
         <size>0x96</size>
         <input_file_ref idref="fl-31"/>
      </object_component>
      <object_component id="oc-1b0">
         <name>.debug_line</name>
         <load_address>0xee6</load_address>
         <run_address>0xee6</run_address>
         <size>0x3d</size>
         <input_file_ref idref="fl-32"/>
      </object_component>
      <object_component id="oc-19a">
         <name>.debug_line</name>
         <load_address>0xf23</load_address>
         <run_address>0xf23</run_address>
         <size>0x20</size>
         <input_file_ref idref="fl-35"/>
      </object_component>
      <object_component id="oc-cc">
         <name>.debug_line</name>
         <load_address>0xf43</load_address>
         <run_address>0xf43</run_address>
         <size>0x42</size>
         <input_file_ref idref="fl-35"/>
      </object_component>
      <object_component id="oc-be">
         <name>.debug_line</name>
         <load_address>0xf85</load_address>
         <run_address>0xf85</run_address>
         <size>0x40</size>
         <input_file_ref idref="fl-36"/>
      </object_component>
      <object_component id="oc-b4">
         <name>.debug_line</name>
         <load_address>0xfc5</load_address>
         <run_address>0xfc5</run_address>
         <size>0x4e</size>
         <input_file_ref idref="fl-37"/>
      </object_component>
      <object_component id="oc-b6">
         <name>.debug_line</name>
         <load_address>0x1013</load_address>
         <run_address>0x1013</run_address>
         <size>0x5e</size>
         <input_file_ref idref="fl-38"/>
      </object_component>
      <object_component id="oc-141">
         <name>.debug_frame</name>
         <load_address>0x0</load_address>
         <run_address>0x0</run_address>
         <size>0x3c</size>
         <input_file_ref idref="fl-2"/>
      </object_component>
      <object_component id="oc-160">
         <name>.debug_frame</name>
         <load_address>0x3c</load_address>
         <run_address>0x3c</run_address>
         <size>0x40</size>
         <input_file_ref idref="fl-2"/>
      </object_component>
      <object_component id="oc-166">
         <name>.debug_frame</name>
         <load_address>0x7c</load_address>
         <run_address>0x7c</run_address>
         <size>0x40</size>
         <input_file_ref idref="fl-2"/>
      </object_component>
      <object_component id="oc-152">
         <name>.debug_frame</name>
         <load_address>0xbc</load_address>
         <run_address>0xbc</run_address>
         <size>0x40</size>
         <input_file_ref idref="fl-2"/>
      </object_component>
      <object_component id="oc-158">
         <name>.debug_frame</name>
         <load_address>0xfc</load_address>
         <run_address>0xfc</run_address>
         <size>0x40</size>
         <input_file_ref idref="fl-2"/>
      </object_component>
      <object_component id="oc-e3">
         <name>.debug_frame</name>
         <load_address>0x13c</load_address>
         <run_address>0x13c</run_address>
         <size>0x64</size>
         <input_file_ref idref="fl-2"/>
      </object_component>
      <object_component id="oc-dd">
         <name>.debug_frame</name>
         <load_address>0x1a0</load_address>
         <run_address>0x1a0</run_address>
         <size>0x64</size>
         <input_file_ref idref="fl-2"/>
      </object_component>
      <object_component id="oc-17b">
         <name>.debug_frame</name>
         <load_address>0x204</load_address>
         <run_address>0x204</run_address>
         <size>0x40</size>
         <input_file_ref idref="fl-3"/>
      </object_component>
      <object_component id="oc-fb">
         <name>.debug_frame</name>
         <load_address>0x244</load_address>
         <run_address>0x244</run_address>
         <size>0x34</size>
         <input_file_ref idref="fl-29"/>
      </object_component>
      <object_component id="oc-1bd">
         <name>.debug_frame</name>
         <load_address>0x278</load_address>
         <run_address>0x278</run_address>
         <size>0x44</size>
         <input_file_ref idref="fl-2a"/>
      </object_component>
      <object_component id="oc-ea">
         <name>.debug_frame</name>
         <load_address>0x2bc</load_address>
         <run_address>0x2bc</run_address>
         <size>0x3c</size>
         <input_file_ref idref="fl-2b"/>
      </object_component>
      <object_component id="oc-174">
         <name>.debug_frame</name>
         <load_address>0x2f8</load_address>
         <run_address>0x2f8</run_address>
         <size>0x3c</size>
         <input_file_ref idref="fl-2e"/>
      </object_component>
      <object_component id="oc-1ff">
         <name>.debug_frame</name>
         <load_address>0x334</load_address>
         <run_address>0x334</run_address>
         <size>0x3c</size>
         <input_file_ref idref="fl-2f"/>
      </object_component>
      <object_component id="oc-3e">
         <name>.debug_frame</name>
         <load_address>0x370</load_address>
         <run_address>0x370</run_address>
         <size>0x3c</size>
         <input_file_ref idref="fl-30"/>
      </object_component>
      <object_component id="oc-38">
         <name>.debug_frame</name>
         <load_address>0x3ac</load_address>
         <run_address>0x3ac</run_address>
         <size>0x48</size>
         <input_file_ref idref="fl-31"/>
      </object_component>
      <object_component id="oc-1b1">
         <name>.debug_frame</name>
         <load_address>0x3f4</load_address>
         <run_address>0x3f4</run_address>
         <size>0x3c</size>
         <input_file_ref idref="fl-32"/>
      </object_component>
      <object_component id="oc-cf">
         <name>.debug_frame</name>
         <load_address>0x430</load_address>
         <run_address>0x430</run_address>
         <size>0x3c</size>
         <input_file_ref idref="fl-35"/>
      </object_component>
      <object_component id="oc-19c">
         <name>.debug_abbrev</name>
         <load_address>0x0</load_address>
         <run_address>0x0</run_address>
         <size>0xb0</size>
         <input_file_ref idref="fl-2"/>
      </object_component>
      <object_component id="oc-19b">
         <name>.debug_abbrev</name>
         <load_address>0xb0</load_address>
         <run_address>0xb0</run_address>
         <size>0x6c</size>
         <input_file_ref idref="fl-2"/>
      </object_component>
      <object_component id="oc-1a4">
         <name>.debug_abbrev</name>
         <load_address>0x11c</load_address>
         <run_address>0x11c</run_address>
         <size>0x5e</size>
         <input_file_ref idref="fl-2"/>
      </object_component>
      <object_component id="oc-1a5">
         <name>.debug_abbrev</name>
         <load_address>0x17a</load_address>
         <run_address>0x17a</run_address>
         <size>0x5e</size>
         <input_file_ref idref="fl-2"/>
      </object_component>
      <object_component id="oc-1a2">
         <name>.debug_abbrev</name>
         <load_address>0x1d8</load_address>
         <run_address>0x1d8</run_address>
         <size>0x5e</size>
         <input_file_ref idref="fl-2"/>
      </object_component>
      <object_component id="oc-1a3">
         <name>.debug_abbrev</name>
         <load_address>0x236</load_address>
         <run_address>0x236</run_address>
         <size>0x5e</size>
         <input_file_ref idref="fl-2"/>
      </object_component>
      <object_component id="oc-167">
         <name>.debug_abbrev</name>
         <load_address>0x294</load_address>
         <run_address>0x294</run_address>
         <size>0x61</size>
         <input_file_ref idref="fl-2"/>
      </object_component>
      <object_component id="oc-159">
         <name>.debug_abbrev</name>
         <load_address>0x2f5</load_address>
         <run_address>0x2f5</run_address>
         <size>0x61</size>
         <input_file_ref idref="fl-2"/>
      </object_component>
      <object_component id="oc-c7">
         <name>.debug_abbrev</name>
         <load_address>0x356</load_address>
         <run_address>0x356</run_address>
         <size>0x1f</size>
         <input_file_ref idref="fl-2"/>
      </object_component>
      <object_component id="oc-19e">
         <name>.debug_abbrev</name>
         <load_address>0x375</load_address>
         <run_address>0x375</run_address>
         <size>0xd0</size>
         <input_file_ref idref="fl-3"/>
      </object_component>
      <object_component id="oc-1a0">
         <name>.debug_abbrev</name>
         <load_address>0x445</load_address>
         <run_address>0x445</run_address>
         <size>0x29</size>
         <input_file_ref idref="fl-3"/>
      </object_component>
      <object_component id="oc-1ab">
         <name>.debug_abbrev</name>
         <load_address>0x46e</load_address>
         <run_address>0x46e</run_address>
         <size>0x52</size>
         <input_file_ref idref="fl-3"/>
      </object_component>
      <object_component id="oc-13d">
         <name>.debug_abbrev</name>
         <load_address>0x4c0</load_address>
         <run_address>0x4c0</run_address>
         <size>0x28</size>
         <input_file_ref idref="fl-28"/>
      </object_component>
      <object_component id="oc-124">
         <name>.debug_abbrev</name>
         <load_address>0x4e8</load_address>
         <run_address>0x4e8</run_address>
         <size>0x29</size>
         <input_file_ref idref="fl-29"/>
      </object_component>
      <object_component id="oc-17f">
         <name>.debug_abbrev</name>
         <load_address>0x511</load_address>
         <run_address>0x511</run_address>
         <size>0x58</size>
         <input_file_ref idref="fl-29"/>
      </object_component>
      <object_component id="oc-233">
         <name>.debug_abbrev</name>
         <load_address>0x569</load_address>
         <run_address>0x569</run_address>
         <size>0xc0</size>
         <input_file_ref idref="fl-2a"/>
      </object_component>
      <object_component id="oc-203">
         <name>.debug_abbrev</name>
         <load_address>0x629</load_address>
         <run_address>0x629</run_address>
         <size>0x7e</size>
         <input_file_ref idref="fl-2a"/>
      </object_component>
      <object_component id="oc-237">
         <name>.debug_abbrev</name>
         <load_address>0x6a7</load_address>
         <run_address>0x6a7</run_address>
         <size>0x24</size>
         <input_file_ref idref="fl-2a"/>
      </object_component>
      <object_component id="oc-248">
         <name>.debug_abbrev</name>
         <load_address>0x6cb</load_address>
         <run_address>0x6cb</run_address>
         <size>0x24</size>
         <input_file_ref idref="fl-2a"/>
      </object_component>
      <object_component id="oc-211">
         <name>.debug_abbrev</name>
         <load_address>0x6ef</load_address>
         <run_address>0x6ef</run_address>
         <size>0x24</size>
         <input_file_ref idref="fl-2a"/>
      </object_component>
      <object_component id="oc-23c">
         <name>.debug_abbrev</name>
         <load_address>0x713</load_address>
         <run_address>0x713</run_address>
         <size>0x4b</size>
         <input_file_ref idref="fl-2a"/>
      </object_component>
      <object_component id="oc-1a6">
         <name>.debug_abbrev</name>
         <load_address>0x75e</load_address>
         <run_address>0x75e</run_address>
         <size>0x37</size>
         <input_file_ref idref="fl-2b"/>
      </object_component>
      <object_component id="oc-168">
         <name>.debug_abbrev</name>
         <load_address>0x795</load_address>
         <run_address>0x795</run_address>
         <size>0x6f</size>
         <input_file_ref idref="fl-2b"/>
      </object_component>
      <object_component id="oc-16b">
         <name>.debug_abbrev</name>
         <load_address>0x804</load_address>
         <run_address>0x804</run_address>
         <size>0x24</size>
         <input_file_ref idref="fl-2b"/>
      </object_component>
      <object_component id="oc-133">
         <name>.debug_abbrev</name>
         <load_address>0x828</load_address>
         <run_address>0x828</run_address>
         <size>0x24</size>
         <input_file_ref idref="fl-2b"/>
      </object_component>
      <object_component id="oc-1a8">
         <name>.debug_abbrev</name>
         <load_address>0x84c</load_address>
         <run_address>0x84c</run_address>
         <size>0x55</size>
         <input_file_ref idref="fl-2e"/>
      </object_component>
      <object_component id="oc-232">
         <name>.debug_abbrev</name>
         <load_address>0x8a1</load_address>
         <run_address>0x8a1</run_address>
         <size>0x53</size>
         <input_file_ref idref="fl-2f"/>
      </object_component>
      <object_component id="oc-13b">
         <name>.debug_abbrev</name>
         <load_address>0x8f4</load_address>
         <run_address>0x8f4</run_address>
         <size>0x37</size>
         <input_file_ref idref="fl-30"/>
      </object_component>
      <object_component id="oc-d0">
         <name>.debug_abbrev</name>
         <load_address>0x92b</load_address>
         <run_address>0x92b</run_address>
         <size>0x74</size>
         <input_file_ref idref="fl-30"/>
      </object_component>
      <object_component id="oc-d3">
         <name>.debug_abbrev</name>
         <load_address>0x99f</load_address>
         <run_address>0x99f</run_address>
         <size>0x24</size>
         <input_file_ref idref="fl-30"/>
      </object_component>
      <object_component id="oc-138">
         <name>.debug_abbrev</name>
         <load_address>0x9c3</load_address>
         <run_address>0x9c3</run_address>
         <size>0x24</size>
         <input_file_ref idref="fl-30"/>
      </object_component>
      <object_component id="oc-197">
         <name>.debug_abbrev</name>
         <load_address>0x9e7</load_address>
         <run_address>0x9e7</run_address>
         <size>0x37</size>
         <input_file_ref idref="fl-31"/>
      </object_component>
      <object_component id="oc-bf">
         <name>.debug_abbrev</name>
         <load_address>0xa1e</load_address>
         <run_address>0xa1e</run_address>
         <size>0x7d</size>
         <input_file_ref idref="fl-31"/>
      </object_component>
      <object_component id="oc-c2">
         <name>.debug_abbrev</name>
         <load_address>0xa9b</load_address>
         <run_address>0xa9b</run_address>
         <size>0x24</size>
         <input_file_ref idref="fl-31"/>
      </object_component>
      <object_component id="oc-194">
         <name>.debug_abbrev</name>
         <load_address>0xabf</load_address>
         <run_address>0xabf</run_address>
         <size>0x35</size>
         <input_file_ref idref="fl-31"/>
      </object_component>
      <object_component id="oc-12b">
         <name>.debug_abbrev</name>
         <load_address>0xaf4</load_address>
         <run_address>0xaf4</run_address>
         <size>0x24</size>
         <input_file_ref idref="fl-31"/>
      </object_component>
      <object_component id="oc-1eb">
         <name>.debug_abbrev</name>
         <load_address>0xb18</load_address>
         <run_address>0xb18</run_address>
         <size>0x45</size>
         <input_file_ref idref="fl-32"/>
      </object_component>
      <object_component id="oc-199">
         <name>.debug_abbrev</name>
         <load_address>0xb5d</load_address>
         <run_address>0xb5d</run_address>
         <size>0x45</size>
         <input_file_ref idref="fl-35"/>
      </object_component>
      <object_component id="oc-12f">
         <name>.debug_abbrev</name>
         <load_address>0xba2</load_address>
         <run_address>0xba2</run_address>
         <size>0x71</size>
         <input_file_ref idref="fl-35"/>
      </object_component>
      <object_component id="oc-128">
         <name>.debug_abbrev</name>
         <load_address>0xc13</load_address>
         <run_address>0xc13</run_address>
         <size>0x3a</size>
         <input_file_ref idref="fl-36"/>
      </object_component>
      <object_component id="oc-126">
         <name>.debug_abbrev</name>
         <load_address>0xc4d</load_address>
         <run_address>0xc4d</run_address>
         <size>0x3c</size>
         <input_file_ref idref="fl-37"/>
      </object_component>
      <object_component id="oc-127">
         <name>.debug_abbrev</name>
         <load_address>0xc89</load_address>
         <run_address>0xc89</run_address>
         <size>0x3c</size>
         <input_file_ref idref="fl-38"/>
      </object_component>
      <object_component id="oc-29d">
         <name>.debug_abbrev</name>
         <load_address>0xcc5</load_address>
         <run_address>0xcc5</run_address>
         <size>0xf</size>
      </object_component>
      <object_component id="oc-c9">
         <name>.debug_str</name>
         <load_address>0x0</load_address>
         <run_address>0x0</run_address>
         <size>0xfd</size>
         <input_file_ref idref="fl-2"/>
      </object_component>
      <object_component id="oc-239">
         <name>.debug_str</name>
         <load_address>0xfd</load_address>
         <run_address>0xfd</run_address>
         <size>0xed</size>
         <input_file_ref idref="fl-2a"/>
      </object_component>
      <object_component id="oc-24a">
         <name>.debug_str</name>
         <load_address>0x1ea</load_address>
         <run_address>0x1ea</run_address>
         <size>0x14c</size>
         <input_file_ref idref="fl-2a"/>
      </object_component>
      <object_component id="oc-213">
         <name>.debug_str</name>
         <load_address>0x336</load_address>
         <run_address>0x336</run_address>
         <size>0x147</size>
         <input_file_ref idref="fl-2a"/>
      </object_component>
      <object_component id="oc-23e">
         <name>.debug_str</name>
         <load_address>0x47d</load_address>
         <run_address>0x47d</run_address>
         <size>0x197</size>
         <input_file_ref idref="fl-2a"/>
      </object_component>
      <object_component id="oc-16d">
         <name>.debug_str</name>
         <load_address>0x614</load_address>
         <run_address>0x614</run_address>
         <size>0x105</size>
         <input_file_ref idref="fl-2b"/>
      </object_component>
      <object_component id="oc-135">
         <name>.debug_str</name>
         <load_address>0x719</load_address>
         <run_address>0x719</run_address>
         <size>0x140</size>
         <input_file_ref idref="fl-2b"/>
      </object_component>
      <object_component id="oc-d5">
         <name>.debug_str</name>
         <load_address>0x859</load_address>
         <run_address>0x859</run_address>
         <size>0x10b</size>
         <input_file_ref idref="fl-30"/>
      </object_component>
      <object_component id="oc-13a">
         <name>.debug_str</name>
         <load_address>0x964</load_address>
         <run_address>0x964</run_address>
         <size>0x140</size>
         <input_file_ref idref="fl-30"/>
      </object_component>
      <object_component id="oc-c4">
         <name>.debug_str</name>
         <load_address>0xaa4</load_address>
         <run_address>0xaa4</run_address>
         <size>0x118</size>
         <input_file_ref idref="fl-31"/>
      </object_component>
      <object_component id="oc-196">
         <name>.debug_str</name>
         <load_address>0xbbc</load_address>
         <run_address>0xbbc</run_address>
         <size>0x16b</size>
         <input_file_ref idref="fl-31"/>
      </object_component>
      <object_component id="oc-12d">
         <name>.debug_str</name>
         <load_address>0xd27</load_address>
         <run_address>0xd27</run_address>
         <size>0x158</size>
         <input_file_ref idref="fl-31"/>
      </object_component>
      <object_component id="oc-143">
         <name>.debug_aranges</name>
         <load_address>0x0</load_address>
         <run_address>0x0</run_address>
         <size>0x20</size>
         <input_file_ref idref="fl-2"/>
      </object_component>
      <object_component id="oc-15d">
         <name>.debug_aranges</name>
         <load_address>0x20</load_address>
         <run_address>0x20</run_address>
         <size>0x20</size>
         <input_file_ref idref="fl-2"/>
      </object_component>
      <object_component id="oc-164">
         <name>.debug_aranges</name>
         <load_address>0x40</load_address>
         <run_address>0x40</run_address>
         <size>0x20</size>
         <input_file_ref idref="fl-2"/>
      </object_component>
      <object_component id="oc-14f">
         <name>.debug_aranges</name>
         <load_address>0x60</load_address>
         <run_address>0x60</run_address>
         <size>0x20</size>
         <input_file_ref idref="fl-2"/>
      </object_component>
      <object_component id="oc-156">
         <name>.debug_aranges</name>
         <load_address>0x80</load_address>
         <run_address>0x80</run_address>
         <size>0x20</size>
         <input_file_ref idref="fl-2"/>
      </object_component>
      <object_component id="oc-e6">
         <name>.debug_aranges</name>
         <load_address>0xa0</load_address>
         <run_address>0xa0</run_address>
         <size>0x20</size>
         <input_file_ref idref="fl-2"/>
      </object_component>
      <object_component id="oc-df">
         <name>.debug_aranges</name>
         <load_address>0xc0</load_address>
         <run_address>0xc0</run_address>
         <size>0x20</size>
         <input_file_ref idref="fl-2"/>
      </object_component>
      <object_component id="oc-178">
         <name>.debug_aranges</name>
         <load_address>0xe0</load_address>
         <run_address>0xe0</run_address>
         <size>0x20</size>
         <input_file_ref idref="fl-3"/>
      </object_component>
      <object_component id="oc-d9">
         <name>.debug_aranges</name>
         <load_address>0x100</load_address>
         <run_address>0x100</run_address>
         <size>0x20</size>
         <input_file_ref idref="fl-28"/>
      </object_component>
      <object_component id="oc-fc">
         <name>.debug_aranges</name>
         <load_address>0x120</load_address>
         <run_address>0x120</run_address>
         <size>0x20</size>
         <input_file_ref idref="fl-29"/>
      </object_component>
      <object_component id="oc-1ba">
         <name>.debug_aranges</name>
         <load_address>0x140</load_address>
         <run_address>0x140</run_address>
         <size>0x20</size>
         <input_file_ref idref="fl-2a"/>
      </object_component>
      <object_component id="oc-ec">
         <name>.debug_aranges</name>
         <load_address>0x160</load_address>
         <run_address>0x160</run_address>
         <size>0x20</size>
         <input_file_ref idref="fl-2b"/>
      </object_component>
      <object_component id="oc-173">
         <name>.debug_aranges</name>
         <load_address>0x180</load_address>
         <run_address>0x180</run_address>
         <size>0x20</size>
         <input_file_ref idref="fl-2e"/>
      </object_component>
      <object_component id="oc-1fe">
         <name>.debug_aranges</name>
         <load_address>0x1a0</load_address>
         <run_address>0x1a0</run_address>
         <size>0x20</size>
         <input_file_ref idref="fl-2f"/>
      </object_component>
      <object_component id="oc-3b">
         <name>.debug_aranges</name>
         <load_address>0x1c0</load_address>
         <run_address>0x1c0</run_address>
         <size>0x20</size>
         <input_file_ref idref="fl-30"/>
      </object_component>
      <object_component id="oc-35">
         <name>.debug_aranges</name>
         <load_address>0x1e0</load_address>
         <run_address>0x1e0</run_address>
         <size>0x20</size>
         <input_file_ref idref="fl-31"/>
      </object_component>
      <object_component id="oc-1ae">
         <name>.debug_aranges</name>
         <load_address>0x200</load_address>
         <run_address>0x200</run_address>
         <size>0x20</size>
         <input_file_ref idref="fl-32"/>
      </object_component>
      <object_component id="oc-cb">
         <name>.debug_aranges</name>
         <load_address>0x220</load_address>
         <run_address>0x220</run_address>
         <size>0x20</size>
         <input_file_ref idref="fl-35"/>
      </object_component>
      <object_component id="oc-bb">
         <name>.debug_aranges</name>
         <load_address>0x240</load_address>
         <run_address>0x240</run_address>
         <size>0x20</size>
         <input_file_ref idref="fl-36"/>
      </object_component>
      <object_component id="oc-b2">
         <name>.debug_aranges</name>
         <load_address>0x260</load_address>
         <run_address>0x260</run_address>
         <size>0x20</size>
         <input_file_ref idref="fl-37"/>
      </object_component>
      <object_component id="oc-b9">
         <name>.debug_aranges</name>
         <load_address>0x280</load_address>
         <run_address>0x280</run_address>
         <size>0x20</size>
         <input_file_ref idref="fl-38"/>
      </object_component>
      <object_component id="oc-147">
         <name>.debug_pubnames</name>
         <load_address>0x0</load_address>
         <run_address>0x0</run_address>
         <size>0x2e</size>
         <input_file_ref idref="fl-2"/>
      </object_component>
      <object_component id="oc-144">
         <name>.debug_pubnames</name>
         <load_address>0x2e</load_address>
         <run_address>0x2e</run_address>
         <size>0x23</size>
         <input_file_ref idref="fl-2"/>
      </object_component>
      <object_component id="oc-15e">
         <name>.debug_pubnames</name>
         <load_address>0x51</load_address>
         <run_address>0x51</run_address>
         <size>0x2f</size>
         <input_file_ref idref="fl-2"/>
      </object_component>
      <object_component id="oc-165">
         <name>.debug_pubnames</name>
         <load_address>0x80</load_address>
         <run_address>0x80</run_address>
         <size>0x27</size>
         <input_file_ref idref="fl-2"/>
      </object_component>
      <object_component id="oc-150">
         <name>.debug_pubnames</name>
         <load_address>0xa7</load_address>
         <run_address>0xa7</run_address>
         <size>0x2f</size>
         <input_file_ref idref="fl-2"/>
      </object_component>
      <object_component id="oc-155">
         <name>.debug_pubnames</name>
         <load_address>0xd6</load_address>
         <run_address>0xd6</run_address>
         <size>0x27</size>
         <input_file_ref idref="fl-2"/>
      </object_component>
      <object_component id="oc-e7">
         <name>.debug_pubnames</name>
         <load_address>0xfd</load_address>
         <run_address>0xfd</run_address>
         <size>0x1d</size>
         <input_file_ref idref="fl-2"/>
      </object_component>
      <object_component id="oc-e0">
         <name>.debug_pubnames</name>
         <load_address>0x11a</load_address>
         <run_address>0x11a</run_address>
         <size>0x1d</size>
         <input_file_ref idref="fl-2"/>
      </object_component>
      <object_component id="oc-149">
         <name>.debug_pubnames</name>
         <load_address>0x137</load_address>
         <run_address>0x137</run_address>
         <size>0x2e</size>
         <input_file_ref idref="fl-3"/>
      </object_component>
      <object_component id="oc-14c">
         <name>.debug_pubnames</name>
         <load_address>0x165</load_address>
         <run_address>0x165</run_address>
         <size>0x34</size>
         <input_file_ref idref="fl-3"/>
      </object_component>
      <object_component id="oc-179">
         <name>.debug_pubnames</name>
         <load_address>0x199</load_address>
         <run_address>0x199</run_address>
         <size>0x1b</size>
         <input_file_ref idref="fl-3"/>
      </object_component>
      <object_component id="oc-da">
         <name>.debug_pubnames</name>
         <load_address>0x1b4</load_address>
         <run_address>0x1b4</run_address>
         <size>0x2b</size>
         <input_file_ref idref="fl-28"/>
      </object_component>
      <object_component id="oc-ae">
         <name>.debug_pubnames</name>
         <load_address>0x1df</load_address>
         <run_address>0x1df</run_address>
         <size>0x1d</size>
         <input_file_ref idref="fl-29"/>
      </object_component>
      <object_component id="oc-ff">
         <name>.debug_pubnames</name>
         <load_address>0x1fc</load_address>
         <run_address>0x1fc</run_address>
         <size>0x26</size>
         <input_file_ref idref="fl-29"/>
      </object_component>
      <object_component id="oc-1bb">
         <name>.debug_pubnames</name>
         <load_address>0x222</load_address>
         <run_address>0x222</run_address>
         <size>0x35</size>
         <input_file_ref idref="fl-2a"/>
      </object_component>
      <object_component id="oc-ed">
         <name>.debug_pubnames</name>
         <load_address>0x257</load_address>
         <run_address>0x257</run_address>
         <size>0x2e</size>
         <input_file_ref idref="fl-2b"/>
      </object_component>
      <object_component id="oc-172">
         <name>.debug_pubnames</name>
         <load_address>0x285</load_address>
         <run_address>0x285</run_address>
         <size>0x27</size>
         <input_file_ref idref="fl-2e"/>
      </object_component>
      <object_component id="oc-202">
         <name>.debug_pubnames</name>
         <load_address>0x2ac</load_address>
         <run_address>0x2ac</run_address>
         <size>0x29</size>
         <input_file_ref idref="fl-2f"/>
      </object_component>
      <object_component id="oc-3d">
         <name>.debug_pubnames</name>
         <load_address>0x2d5</load_address>
         <run_address>0x2d5</run_address>
         <size>0x2b</size>
         <input_file_ref idref="fl-30"/>
      </object_component>
      <object_component id="oc-36">
         <name>.debug_pubnames</name>
         <load_address>0x300</load_address>
         <run_address>0x300</run_address>
         <size>0x2b</size>
         <input_file_ref idref="fl-31"/>
      </object_component>
      <object_component id="oc-1af">
         <name>.debug_pubnames</name>
         <load_address>0x32b</load_address>
         <run_address>0x32b</run_address>
         <size>0x1c</size>
         <input_file_ref idref="fl-32"/>
      </object_component>
      <object_component id="oc-ce">
         <name>.debug_pubnames</name>
         <load_address>0x347</load_address>
         <run_address>0x347</run_address>
         <size>0x1d</size>
         <input_file_ref idref="fl-35"/>
      </object_component>
      <object_component id="oc-bd">
         <name>.debug_pubnames</name>
         <load_address>0x364</load_address>
         <run_address>0x364</run_address>
         <size>0x2b</size>
         <input_file_ref idref="fl-36"/>
      </object_component>
      <object_component id="oc-b3">
         <name>.debug_pubnames</name>
         <load_address>0x38f</load_address>
         <run_address>0x38f</run_address>
         <size>0x24</size>
         <input_file_ref idref="fl-37"/>
      </object_component>
      <object_component id="oc-b8">
         <name>.debug_pubnames</name>
         <load_address>0x3b3</load_address>
         <run_address>0x3b3</run_address>
         <size>0x24</size>
         <input_file_ref idref="fl-38"/>
      </object_component>
      <object_component id="oc-c6">
         <name>.debug_pubtypes</name>
         <load_address>0x0</load_address>
         <run_address>0x0</run_address>
         <size>0xed</size>
         <input_file_ref idref="fl-2"/>
      </object_component>
      <object_component id="oc-236">
         <name>.debug_pubtypes</name>
         <load_address>0xed</load_address>
         <run_address>0xed</run_address>
         <size>0x32</size>
         <input_file_ref idref="fl-2a"/>
      </object_component>
      <object_component id="oc-247">
         <name>.debug_pubtypes</name>
         <load_address>0x11f</load_address>
         <run_address>0x11f</run_address>
         <size>0x21</size>
         <input_file_ref idref="fl-2a"/>
      </object_component>
      <object_component id="oc-210">
         <name>.debug_pubtypes</name>
         <load_address>0x140</load_address>
         <run_address>0x140</run_address>
         <size>0x1f</size>
         <input_file_ref idref="fl-2a"/>
      </object_component>
      <object_component id="oc-23b">
         <name>.debug_pubtypes</name>
         <load_address>0x15f</load_address>
         <run_address>0x15f</run_address>
         <size>0x50</size>
         <input_file_ref idref="fl-2a"/>
      </object_component>
      <object_component id="oc-16a">
         <name>.debug_pubtypes</name>
         <load_address>0x1af</load_address>
         <run_address>0x1af</run_address>
         <size>0x48</size>
         <input_file_ref idref="fl-2b"/>
      </object_component>
      <object_component id="oc-132">
         <name>.debug_pubtypes</name>
         <load_address>0x1f7</load_address>
         <run_address>0x1f7</run_address>
         <size>0x1d</size>
         <input_file_ref idref="fl-2b"/>
      </object_component>
      <object_component id="oc-d2">
         <name>.debug_pubtypes</name>
         <load_address>0x214</load_address>
         <run_address>0x214</run_address>
         <size>0x48</size>
         <input_file_ref idref="fl-30"/>
      </object_component>
      <object_component id="oc-137">
         <name>.debug_pubtypes</name>
         <load_address>0x25c</load_address>
         <run_address>0x25c</run_address>
         <size>0x1d</size>
         <input_file_ref idref="fl-30"/>
      </object_component>
      <object_component id="oc-c1">
         <name>.debug_pubtypes</name>
         <load_address>0x279</load_address>
         <run_address>0x279</run_address>
         <size>0x5d</size>
         <input_file_ref idref="fl-31"/>
      </object_component>
      <object_component id="oc-193">
         <name>.debug_pubtypes</name>
         <load_address>0x2d6</load_address>
         <run_address>0x2d6</run_address>
         <size>0x48</size>
         <input_file_ref idref="fl-31"/>
      </object_component>
      <object_component id="oc-12a">
         <name>.debug_pubtypes</name>
         <load_address>0x31e</load_address>
         <run_address>0x31e</run_address>
         <size>0x35</size>
         <input_file_ref idref="fl-31"/>
      </object_component>
   </object_component_list>
   <logical_group_list>
      <logical_group id="lg-2" display="no" color="cyan">
         <name>.bss</name>
         <run_address>0x200</run_address>
         <size>0xa</size>
         <contents>
            <object_component_ref idref="oc-1aa"/>
            <object_component_ref idref="oc-145"/>
            <object_component_ref idref="oc-15a"/>
         </contents>
      </logical_group>
      <logical_group id="lg-3" display="no" color="cyan">
         <name>.data</name>
         <run_address>0x20a</run_address>
         <size>0x6</size>
         <contents>
            <object_component_ref idref="oc-14a"/>
         </contents>
      </logical_group>
      <logical_group id="lg-4" display="no" color="cyan">
         <name>.TI.noinit</name>
         <run_address>0x0</run_address>
         <size>0x0</size>
         <contents>
         </contents>
      </logical_group>
      <logical_group id="lg-5" display="no" color="cyan">
         <name>.sysmem</name>
         <run_address>0x0</run_address>
         <size>0x0</size>
         <contents>
         </contents>
      </logical_group>
      <logical_group id="lg-6" display="no" color="cyan">
         <name>.stack</name>
         <run_address>0x3b0</run_address>
         <size>0x50</size>
         <contents>
            <object_component_ref idref="oc-ac"/>
            <object_component_ref idref="oc-29b"/>
         </contents>
      </logical_group>
      <logical_group id="lg-7" display="no" color="cyan">
         <name>.text</name>
         <load_address>0xc000</load_address>
         <run_address>0xc000</run_address>
         <size>0x9c8</size>
         <contents>
            <object_component_ref idref="oc-176"/>
            <object_component_ref idref="oc-153"/>
            <object_component_ref idref="oc-14d"/>
            <object_component_ref idref="oc-161"/>
            <object_component_ref idref="oc-15b"/>
            <object_component_ref idref="oc-dc"/>
            <object_component_ref idref="oc-e2"/>
            <object_component_ref idref="oc-33"/>
            <object_component_ref idref="oc-b5"/>
            <object_component_ref idref="oc-1b8"/>
            <object_component_ref idref="oc-b0"/>
            <object_component_ref idref="oc-fa"/>
            <object_component_ref idref="oc-13f"/>
            <object_component_ref idref="oc-e8"/>
            <object_component_ref idref="oc-39"/>
            <object_component_ref idref="oc-ca"/>
            <object_component_ref idref="oc-ba"/>
            <object_component_ref idref="oc-d7"/>
            <object_component_ref idref="oc-1ac"/>
            <object_component_ref idref="oc-170"/>
            <object_component_ref idref="oc-1fd"/>
         </contents>
      </logical_group>
      <logical_group id="lg-8" display="no" color="cyan">
         <name>.cinit</name>
         <load_address>0xcb02</load_address>
         <run_address>0xcb02</run_address>
         <size>0x1a</size>
         <contents>
            <object_component_ref idref="oc-29a"/>
            <object_component_ref idref="oc-297"/>
            <object_component_ref idref="oc-299"/>
            <object_component_ref idref="oc-298"/>
         </contents>
      </logical_group>
      <logical_group id="lg-9" display="no" color="cyan">
         <name>.const</name>
         <load_address>0xc9c8</load_address>
         <run_address>0xc9c8</run_address>
         <size>0x13a</size>
         <contents>
            <object_component_ref idref="oc-1a9"/>
            <object_component_ref idref="oc-13e"/>
         </contents>
      </logical_group>
      <logical_group id="lg-a" display="no" color="cyan">
         <name>.bslsignature</name>
         <run_address>0x0</run_address>
         <size>0x0</size>
         <contents>
         </contents>
      </logical_group>
      <logical_group id="lg-b" display="no" color="cyan">
         <name>.cio</name>
         <run_address>0x0</run_address>
         <size>0x0</size>
         <contents>
         </contents>
      </logical_group>
      <logical_group id="lg-c" display="no" color="cyan">
         <name>.pinit</name>
[...]
      </symbol>
      <symbol id="sm-28">
         <name>P3SEL</name>
         <value>0x1b</value>
      </symbol>
      <symbol id="sm-29">
         <name>P3SEL2</name>
         <value>0x43</value>
      </symbol>
      <symbol id="sm-2a">
         <name>P3REN</name>
         <value>0x10</value>
      </symbol>
      <symbol id="sm-2b">
         <name>TA0IV</name>
         <value>0x12e</value>
      </symbol>
      <symbol id="sm-2c">
         <name>TA0CTL</name>
         <value>0x160</value>
      </symbol>
      <symbol id="sm-2d">
         <name>TA0CCTL0</name>
         <value>0x162</value>
      </symbol>
      <symbol id="sm-2e">
         <name>TA0CCTL1</name>
         <value>0x164</value>
      </symbol>
      <symbol id="sm-2f">
         <name>TA0CCTL2</name>
         <value>0x166</value>
      </symbol>
      <symbol id="sm-30">
         <name>TA0R</name>
         <value>0x170</value>
      </symbol>
      <symbol id="sm-31">
         <name>TA0CCR0</name>
         <value>0x172</value>
      </symbol>
      <symbol id="sm-32">
         <name>TA0CCR1</name>
         <value>0x174</value>
      </symbol>
      <symbol id="sm-33">
         <name>TA0CCR2</name>
         <value>0x176</value>
      </symbol>
      <symbol id="sm-34">
         <name>TA1IV</name>
         <value>0x11e</value>
      </symbol>
      <symbol id="sm-35">
         <name>TA1CTL</name>
         <value>0x180</value>
      </symbol>
      <symbol id="sm-36">
         <name>TA1CCTL0</name>
         <value>0x182</value>
      </symbol>
      <symbol id="sm-37">
         <name>TA1CCTL1</name>
         <value>0x184</value>
      </symbol>
      <symbol id="sm-38">
         <name>TA1CCTL2</name>
         <value>0x186</value>
      </symbol>
      <symbol id="sm-39">
         <name>TA1R</name>
         <value>0x190</value>
      </symbol>
      <symbol id="sm-3a">
         <name>TA1CCR0</name>
         <value>0x192</value>
      </symbol>
      <symbol id="sm-3b">
         <name>TA1CCR1</name>
         <value>0x194</value>
      </symbol>
      <symbol id="sm-3c">
         <name>TA1CCR2</name>
         <value>0x196</value>
      </symbol>
      <symbol id="sm-3d">
         <name>UCA0CTL0</name>
         <value>0x60</value>
      </symbol>
      <symbol id="sm-3e">
         <name>UCA0CTL1</name>
         <value>0x61</value>
      </symbol>
      <symbol id="sm-3f">
         <name>UCA0BR0</name>
         <value>0x62</value>
      </symbol>
      <symbol id="sm-40">
         <name>UCA0BR1</name>
         <value>0x63</value>
      </symbol>
      <symbol id="sm-41">
         <name>UCA0MCTL</name>
         <value>0x64</value>
      </symbol>
      <symbol id="sm-42">
         <name>UCA0STAT</name>
         <value>0x65</value>
      </symbol>
      <symbol id="sm-43">
         <name>UCA0RXBUF</name>
         <value>0x66</value>
      </symbol>
      <symbol id="sm-44">
         <name>UCA0TXBUF</name>
         <value>0x67</value>
      </symbol>
      <symbol id="sm-45">
         <name>UCA0ABCTL</name>
         <value>0x5d</value>
      </symbol>
      <symbol id="sm-46">
         <name>UCA0IRTCTL</name>
         <value>0x5e</value>
      </symbol>
      <symbol id="sm-47">
         <name>UCA0IRRCTL</name>
         <value>0x5f</value>
      </symbol>
      <symbol id="sm-48">
         <name>UCB0CTL0</name>
         <value>0x68</value>
      </symbol>
      <symbol id="sm-49">
         <name>UCB0CTL1</name>
         <value>0x69</value>
      </symbol>
      <symbol id="sm-4a">
         <name>UCB0BR0</name>
         <value>0x6a</value>
      </symbol>
      <symbol id="sm-4b">
         <name>UCB0BR1</name>
         <value>0x6b</value>
      </symbol>
      <symbol id="sm-4c">
         <name>UCB0I2CIE</name>
         <value>0x6c</value>
      </symbol>
      <symbol id="sm-4d">
         <name>UCB0STAT</name>
         <value>0x6d</value>
      </symbol>
      <symbol id="sm-4e">
         <name>UCB0RXBUF</name>
         <value>0x6e</value>
      </symbol>
      <symbol id="sm-4f">
         <name>UCB0TXBUF</name>
         <value>0x6f</value>
      </symbol>
      <symbol id="sm-50">
         <name>UCB0I2COA</name>
         <value>0x118</value>
      </symbol>
      <symbol id="sm-51">
         <name>UCB0I2CSA</name>
         <value>0x11a</value>
      </symbol>
      <symbol id="sm-52">
         <name>WDTCTL</name>
         <value>0x120</value>
      </symbol>
      <symbol id="sm-53">
         <name>CALDCO_16MHZ</name>
         <value>0x10f8</value>
      </symbol>
      <symbol id="sm-54">
         <name>CALBC1_16MHZ</name>
         <value>0x10f9</value>
      </symbol>
      <symbol id="sm-55">
         <name>CALDCO_12MHZ</name>
         <value>0x10fa</value>
      </symbol>
      <symbol id="sm-56">
         <name>CALBC1_12MHZ</name>
         <value>0x10fb</value>
      </symbol>
      <symbol id="sm-57">
         <name>CALDCO_8MHZ</name>
         <value>0x10fc</value>
      </symbol>
      <symbol id="sm-58">
         <name>CALBC1_8MHZ</name>
         <value>0x10fd</value>
      </symbol>
      <symbol id="sm-59">
         <name>CALDCO_1MHZ</name>
         <value>0x10fe</value>
      </symbol>
      <symbol id="sm-5a">
         <name>CALBC1_1MHZ</name>
         <value>0x10ff</value>
      </symbol>
      <symbol id="sm-5b">
         <name>TLV_CHECKSUM</name>
         <value>0x10c0</value>
      </symbol>
      <symbol id="sm-5c">
         <name>TLV_DCO_30_TAG</name>
         <value>0x10f6</value>
      </symbol>
      <symbol id="sm-5d">
         <name>TLV_DCO_30_LEN</name>
         <value>0x10f7</value>
      </symbol>
      <symbol id="sm-5e">
         <name>TLV_ADC10_1_TAG</name>
         <value>0x10da</value>
      </symbol>
      <symbol id="sm-5f">
         <name>TLV_ADC10_1_LEN</name>
         <value>0x10db</value>
      </symbol>
      <symbol id="sm-60">
         <name>__TI_CINIT_Base</name>
         <value>0xcb14</value>
      </symbol>
      <symbol id="sm-61">
         <name>__TI_CINIT_Limit</name>
         <value>0xcb1c</value>
      </symbol>
      <symbol id="sm-62">
         <name>__TI_CINIT_Warm</name>
         <value>0xcb1c</value>
      </symbol>
      <symbol id="sm-63">
         <name>__TI_Handler_Table_Base</name>
         <value>0xcb0a</value>
      </symbol>
      <symbol id="sm-64">
         <name>__TI_Handler_Table_Limit</name>
         <value>0xcb10</value>
      </symbol>
      <symbol id="sm-65">
         <name>__STACK_SIZE</name>
         <value>0x50</value>
      </symbol>
      <symbol id="sm-66">
         <name>__STACK_END</name>
         <value>0x400</value>
      </symbol>
      <symbol id="sm-67">
         <name>__c_args__</name>
         <value>0xffffffff</value>
      </symbol>
      <symbol id="sm-68">
         <name>__TI_pprof_out_hndl</name>
         <value>0xffffffff</value>
      </symbol>
      <symbol id="sm-69">
         <name>__TI_prof_data_start</name>
         <value>0xffffffff</value>
      </symbol>
      <symbol id="sm-6a">
         <name>__TI_prof_data_size</name>
         <value>0xffffffff</value>
      </symbol>
      <symbol id="sm-114">
         <name>str</name>
         <value>0x200</value>
      </symbol>
      <symbol id="sm-115">
         <name>x_new</name>
         <value>0x206</value>
      </symbol>
      <symbol id="sm-116">
         <name>y_new</name>
         <value>0x208</value>
      </symbol>
      <symbol id="sm-117">
         <name>motor2_clockwise</name>
         <value>0xc49e</value>
         <object_component_ref idref="oc-161"/>
      </symbol>
      <symbol id="sm-118">
         <name>motor1_clockwise</name>
         <value>0xc1e6</value>
         <object_component_ref idref="oc-153"/>
      </symbol>
      <symbol id="sm-119">
         <name>__TI_int02</name>
         <value>0xffe4</value>
         <object_component_ref idref="oc-40"/>
      </symbol>
      <symbol id="sm-11a">
         <name>__TI_int03</name>
         <value>0xffe6</value>
         <object_component_ref idref="oc-41"/>
      </symbol>
      <symbol id="sm-11b">
         <name>Port_1</name>
         <value>0xc6ea</value>
         <object_component_ref idref="oc-dc"/>
      </symbol>
      <symbol id="sm-11c">
         <name>Port_2</name>
         <value>0xc776</value>
         <object_component_ref idref="oc-e2"/>
      </symbol>
      <symbol id="sm-11d">
         <name>motor2_counter_clockwise</name>
         <value>0xc5c4</value>
         <object_component_ref idref="oc-15b"/>
      </symbol>
      <symbol id="sm-11e">
         <name>motor1_counter_clockwise</name>
         <value>0xc342</value>
         <object_component_ref idref="oc-14d"/>
      </symbol>
      <symbol id="sm-11f">
         <name>write_serial</name>
         <value>0xc954</value>
         <object_component_ref idref="oc-13f"/>
      </symbol>
      <symbol id="sm-144">
         <name>y_current</name>
         <value>0x20c</value>
         <object_component_ref idref="oc-14a"/>
      </symbol>
      <symbol id="sm-145">
         <name>i</name>
         <value>0x20e</value>
         <object_component_ref idref="oc-14a"/>
      </symbol>
      <symbol id="sm-146">
         <name>main</name>
         <value>0xc000</value>
         <object_component_ref idref="oc-176"/>
      </symbol>
      <symbol id="sm-147">
         <name>x_current</name>
         <value>0x20a</value>
         <object_component_ref idref="oc-14a"/>
      </symbol>
      <symbol id="sm-14a">
         <name>__TI_int00</name>
         <value>0xffe0</value>
         <object_component_ref idref="oc-3f"/>
      </symbol>
      <symbol id="sm-14d">
         <name>__TI_int05</name>
         <value>0xffea</value>
         <object_component_ref idref="oc-42"/>
      </symbol>
      <symbol id="sm-150">
         <name>__TI_int06</name>
         <value>0xffec</value>
         <object_component_ref idref="oc-43"/>
      </symbol>
      <symbol id="sm-153">
         <name>__TI_int07</name>
         <value>0xffee</value>
         <object_component_ref idref="oc-44"/>
      </symbol>
      <symbol id="sm-156">
         <name>__TI_int08</name>
         <value>0xfff0</value>
         <object_component_ref idref="oc-45"/>
      </symbol>
      <symbol id="sm-159">
         <name>__TI_int09</name>
         <value>0xfff2</value>
         <object_component_ref idref="oc-46"/>
      </symbol>
      <symbol id="sm-15c">
         <name>__TI_int10</name>
         <value>0xfff4</value>
         <object_component_ref idref="oc-47"/>
      </symbol>
      <symbol id="sm-15f">
         <name>__TI_int12</name>
         <value>0xfff8</value>
         <object_component_ref idref="oc-48"/>
      </symbol>
      <symbol id="sm-162">
         <name>__TI_int13</name>
         <value>0xfffa</value>
         <object_component_ref idref="oc-49"/>
      </symbol>
      <symbol id="sm-165">
         <name>__TI_int14</name>
         <value>0xfffc</value>
         <object_component_ref idref="oc-4a"/>
      </symbol>
      <symbol id="sm-16d">
         <name>__TI_ISR_TRAP</name>
         <value>0xc9b4</value>
         <object_component_ref idref="oc-d7"/>
      </symbol>
      <symbol id="sm-17d">
         <name>_stack</name>
         <value>0x3b0</value>
         <object_component_ref idref="oc-ac"/>
      </symbol>
      <symbol id="sm-17e">
         <name>_c_int00_noargs</name>
         <value>0xc938</value>
         <object_component_ref idref="oc-fa"/>
      </symbol>
      <symbol id="sm-17f">
         <name>_reset_vector</name>
         <value>0xfffe</value>
         <object_component_ref idref="oc-af"/>
      </symbol>
      <symbol id="sm-1a1">
         <name>__TI_auto_init_nobinit_nopinit</name>
         <value>0xc8ca</value>
         <object_component_ref idref="oc-1b8"/>
      </symbol>
      <symbol id="sm-1b9">
         <name>__TI_zero_init_nomemset</name>
         <value>0xc96c</value>
         <object_component_ref idref="oc-e8"/>
      </symbol>
      <symbol id="sm-1c4">
         <name>_system_pre_init</name>
         <value>0xc9c2</value>
         <object_component_ref idref="oc-170"/>
      </symbol>
      <symbol id="sm-1cd">
         <name>_system_post_cinit</name>
         <value>0xc9c6</value>
         <object_component_ref idref="oc-1fd"/>
      </symbol>
      <symbol id="sm-1e3">
         <name>__TI_decompress_none</name>
         <value>0xc980</value>
         <object_component_ref idref="oc-39"/>
      </symbol>
      <symbol id="sm-206">
         <name>__TI_decompress_lzss</name>
         <value>0xc802</value>
         <object_component_ref idref="oc-33"/>
      </symbol>
      <symbol id="sm-210">
         <name>C$$EXIT</name>
         <value>0xc9bc</value>
         <object_component_ref idref="oc-1ac"/>
      </symbol>
      <symbol id="sm-211">
         <name>abort</name>
         <value>0xc9bc</value>
         <object_component_ref idref="oc-1ac"/>
      </symbol>
      <symbol id="sm-221">
         <name>memcpy</name>
         <value>0xc992</value>
         <object_component_ref idref="oc-ca"/>
      </symbol>
      <symbol id="sm-22a">
         <name>__mspabi_func_epilog_2</name>
         <value>0xc9ae</value>
         <object_component_ref idref="oc-ba"/>
      </symbol>
      <symbol id="sm-22b">
         <name>__mspabi_func_epilog_3</name>
         <value>0xc9ac</value>
         <object_component_ref idref="oc-ba"/>
      </symbol>
      <symbol id="sm-22c">
         <name>__mspabi_func_epilog_1</name>
         <value>0xc9b0</value>
         <object_component_ref idref="oc-ba"/>
      </symbol>
      <symbol id="sm-22d">
         <name>__mspabi_func_epilog_6</name>
         <value>0xc9a6</value>
         <object_component_ref idref="oc-ba"/>
      </symbol>
      <symbol id="sm-22e">
         <name>__mspabi_func_epilog_7</name>
         <value>0xc9a4</value>
         <object_component_ref idref="oc-ba"/>
      </symbol>
      <symbol id="sm-22f">
         <name>__mspabi_func_epilog_4</name>
         <value>0xc9aa</value>
         <object_component_ref idref="oc-ba"/>
      </symbol>
      <symbol id="sm-230">
         <name>__mspabi_func_epilog_5</name>
         <value>0xc9a8</value>
         <object_component_ref idref="oc-ba"/>
      </symbol>
      <symbol id="sm-238">
         <name>__mspabi_slli</name>
         <value>0xc90c</value>
         <object_component_ref idref="oc-b0"/>
      </symbol>
      <symbol id="sm-239">
         <name>__mspabi_slli_9</name>
         <value>0xc924</value>
         <object_component_ref idref="oc-b0"/>
      </symbol>
      <symbol id="sm-23a">
         <name>__mspabi_slli_8</name>
         <value>0xc926</value>
         <object_component_ref idref="oc-b0"/>
      </symbol>
      <symbol id="sm-23b">
         <name>__mspabi_slli_7</name>
         <value>0xc928</value>
         <object_component_ref idref="oc-b0"/>
      </symbol>
      <symbol id="sm-23c">
         <name>__mspabi_slli_6</name>
         <value>0xc92a</value>
         <object_component_ref idref="oc-b0"/>
      </symbol>
      <symbol id="sm-23d">
         <name>__mspabi_slli_5</name>
         <value>0xc92c</value>
         <object_component_ref idref="oc-b0"/>
      </symbol>
      <symbol id="sm-23e">
         <name>__mspabi_slli_4</name>
         <value>0xc92e</value>
         <object_component_ref idref="oc-b0"/>
      </symbol>
      <symbol id="sm-23f">
         <name>__mspabi_slli_3</name>
         <value>0xc930</value>
         <object_component_ref idref="oc-b0"/>
      </symbol>
      <symbol id="sm-240">
         <name>__mspabi_slli_2</name>
         <value>0xc932</value>
         <object_component_ref idref="oc-b0"/>
      </symbol>
      <symbol id="sm-241">
         <name>__mspabi_slli_1</name>
         <value>0xc934</value>
         <object_component_ref idref="oc-b0"/>
      </symbol>
      <symbol id="sm-242">
         <name>__mspabi_slli_15</name>
         <value>0xc918</value>
         <object_component_ref idref="oc-b0"/>
      </symbol>
      <symbol id="sm-243">
         <name>__mspabi_slli_14</name>
         <value>0xc91a</value>
         <object_component_ref idref="oc-b0"/>
      </symbol>
      <symbol id="sm-244">
         <name>__mspabi_slli_13</name>
         <value>0xc91c</value>
         <object_component_ref idref="oc-b0"/>
      </symbol>
      <symbol id="sm-245">
         <name>__mspabi_slli_12</name>
         <value>0xc91e</value>
         <object_component_ref idref="oc-b0"/>
      </symbol>
      <symbol id="sm-246">
         <name>__mspabi_slli_11</name>
         <value>0xc920</value>
         <object_component_ref idref="oc-b0"/>
      </symbol>
      <symbol id="sm-247">
         <name>__mspabi_slli_10</name>
         <value>0xc922</value>
         <object_component_ref idref="oc-b0"/>
      </symbol>
      <symbol id="sm-24f">
         <name>__mspabi_srli_8</name>
         <value>0xc8a8</value>
         <object_component_ref idref="oc-b5"/>
      </symbol>
      <symbol id="sm-250">
         <name>__mspabi_srli_9</name>
         <value>0xc8a4</value>
         <object_component_ref idref="oc-b5"/>
      </symbol>
      <symbol id="sm-251">
         <name>__mspabi_srli_6</name>
         <value>0xc8b0</value>
         <object_component_ref idref="oc-b5"/>
      </symbol>
      <symbol id="sm-252">
         <name>__mspabi_srli_7</name>
         <value>0xc8ac</value>
         <object_component_ref idref="oc-b5"/>
      </symbol>
      <symbol id="sm-253">
         <name>__mspabi_srli_4</name>
         <value>0xc8b8</value>
         <object_component_ref idref="oc-b5"/>
      </symbol>
      <symbol id="sm-254">
         <name>__mspabi_srli_5</name>
         <value>0xc8b4</value>
         <object_component_ref idref="oc-b5"/>
      </symbol>
      <symbol id="sm-255">
         <name>__mspabi_srli_2</name>
         <value>0xc8c0</value>
         <object_component_ref idref="oc-b5"/>
      </symbol>
      <symbol id="sm-256">
         <name>__mspabi_srli_3</name>
         <value>0xc8bc</value>
         <object_component_ref idref="oc-b5"/>
      </symbol>
      <symbol id="sm-257">
         <name>__mspabi_srli_1</name>
         <value>0xc8c4</value>
         <object_component_ref idref="oc-b5"/>
      </symbol>
      <symbol id="sm-258">
         <name>__mspabi_srli</name>
         <value>0xc87e</value>
         <object_component_ref idref="oc-b5"/>
      </symbol>
      <symbol id="sm-259">
         <name>__mspabi_srli_15</name>
         <value>0xc88c</value>
         <object_component_ref idref="oc-b5"/>
      </symbol>
      <symbol id="sm-25a">
         <name>__mspabi_srli_14</name>
         <value>0xc890</value>
         <object_component_ref idref="oc-b5"/>
      </symbol>
      <symbol id="sm-25b">
         <name>__mspabi_srli_13</name>
         <value>0xc894</value>
         <object_component_ref idref="oc-b5"/>
      </symbol>
      <symbol id="sm-25c">
         <name>__mspabi_srli_12</name>
         <value>0xc898</value>
         <object_component_ref idref="oc-b5"/>
      </symbol>
      <symbol id="sm-25d">
         <name>__mspabi_srli_11</name>
         <value>0xc89c</value>
         <object_component_ref idref="oc-b5"/>
      </symbol>
      <symbol id="sm-25e">
         <name>__mspabi_srli_10</name>
         <value>0xc8a0</value>
         <object_component_ref idref="oc-b5"/>
      </symbol>
   </symbol_table>
   <title>Link successful</title>
</link_info>
